| eplenmean                      | 92.3                           |
| eprewmean                      | 0.38                           |
| fps                            | 170                            |
| grad_norm                      | 2.1                            |
| joint_actor_critic_cross_fr... | 73                             |
| joint_actor_fisher_quadratic   | 98.5                           |
| joint_actor_raw_scale          | 1.7e+03                        |
| joint_actor_rhs_norm           | 22.6                           |
| joint_applied_solve_residual   | 3.75e-13                       |
| joint_cholesky_info_max        | 0                              |
| joint_clip_scale               | 0.238                          |
| joint_critic_actor_cross_fr... | 73                             |
| joint_critic_ggn_quadratic     | 16.8                           |
| joint_critic_objective_coef    | 1                              |
| joint_critic_raw_scale         | 2.93e+03                       |
| joint_critic_rhs_norm          | 11                             |
| joint_cross_block_frobenius    | 73                             |
| joint_direction_l2             | 2.1                            |
| joint_finite_scan_pass         | 1                              |
| joint_jacobi_scale_max         | 1.41                           |
| joint_jacobi_scale_min         | 0.765                          |
| joint_kernel_mode              | exact_deterministic_ggn_2b     |
| joint_linear_solve_dtype       | torch.float64                  |
| joint_normalized_value_pred... | 0.00393                        |
| joint_optimizer_state_entries  | 26                             |
| joint_parameter_columns        | 9.39e+05                       |
| joint_policy_delta_l2          | 0.00129                        |
| joint_popart_std               | 1.58                           |
| joint_predicted_critic_dive... | 7.62e-06                       |
| joint_predicted_step_kl        | 4.47e-05                       |
| joint_raw_value_prediction_... | 0.00619                        |
| joint_relative_solve_residual  | 1.85e-15                       |
| joint_shared_delta_l2          | 0.00144                        |
| joint_solve_residual           | 3.71e-13                       |
| joint_solver_mode              | symmetrized_jacobi_fullfp64... |
| joint_system_rows              | 1.02e+03                       |
| joint_value_delta_l2           | 0.000524                       |
| kl                             | 0.0233                         |
| loss_pi                        | -0.024                         |
| loss_v                         | 0.237                          |
| lr                             | 0.004                          |
| misc/nupdates                  | 469                            |
| misc/serial_timesteps          | 1.93e+06                       |
| misc/time_elapsed              | 8.73e+03                       |
| misc/total_timesteps           | 1.93e+06                       |
| optimizer_history_correction   | 1                              |
| optimizer_momentum             | 1e-06                          |
| optimizer_momentum_semantics   | paper_sgd_momentum_1e-6        |
| ratio_max                      | 3.03                           |
| ratio_min                      | 0.335                          |
| ret_avg                        | 0.754                          |
| ret_max                        | 6.42                           |
| ret_med                        | -0.203                         |
| ret_min                        | -0.558                         |
| ret_var                        | 2.45                           |
-------------------------------------------------------------------
-------------------------------------------------------------------
| action_max                     | 14                             |
| action_min                     | 0                              |
| adv_avg                        | -0.559                         |
| adv_max                        | 2.06                           |
| adv_med                        | -0.564                         |
| adv_min                        | -4.56                          |
| adv_var                        | 0.0863                         |
| clipfrac                       | 0                              |
| critic_ratio_max               | 1                              |
| critic_ratio_min               | 1                              |
| critic_rows                    | 512                            |
| critic_trust_reason            | BELOW_0P005_DIVIDE_1P5         |
| critic_trust_update_count_t... | 357                            |
| curr_lr                        | 0.004                          |
| entropy                        | 1.63                           |
| eplenmean                      | 107                            |
| eprewmean                      | 0.9                            |
| fps                            | 169                            |
| grad_norm                      | 1.43                           |
| joint_actor_critic_cross_fr... | 41.1                           |
| joint_actor_fisher_quadratic   | 44.2                           |
| joint_actor_raw_scale          | 1.72e+03                       |
| joint_actor_rhs_norm           | 22.6                           |
| joint_applied_solve_residual   | 2.76e-13                       |
| joint_cholesky_info_max        | 0                              |
| joint_clip_scale               | 0.35                           |
| joint_critic_actor_cross_fr... | 41.1                           |
| joint_critic_ggn_quadratic     | 4.98                           |
| joint_critic_objective_coef    | 1                              |
| joint_critic_raw_scale         | 3.18e+03                       |
| joint_critic_rhs_norm          | 7.61                           |
| joint_cross_block_frobenius    | 41.1                           |
| joint_direction_l2             | 1.43                           |
| joint_finite_scan_pass         | 1                              |
| joint_jacobi_scale_max         | 1.41                           |
| joint_jacobi_scale_min         | 0.812                          |
| joint_kernel_mode              | exact_deterministic_ggn_2b     |
| joint_linear_solve_dtype       | torch.float64                  |
| joint_normalized_value_pred... | 0.00313                        |
| joint_optimizer_state_entries  | 26                             |
| joint_parameter_columns        | 9.39e+05                       |
| joint_policy_delta_l2          | 0.00126                        |
| joint_popart_std               | 1.61                           |
| joint_predicted_critic_dive... | 4.87e-06                       |
| joint_predicted_step_kl        | 4.32e-05                       |
| joint_raw_value_prediction_... | 0.00505                        |
| joint_relative_solve_residual  | 1.44e-15                       |
| joint_shared_delta_l2          | 0.00147                        |
| joint_solve_residual           | 2.63e-13                       |
| joint_solver_mode              | symmetrized_jacobi_fullfp64... |
| joint_system_rows              | 1.02e+03                       |
| joint_value_delta_l2           | 0.000499                       |
| kl                             | 0.00798                        |
| loss_pi                        | -0.019                         |
| loss_v                         | 0.113                          |
| lr                             | 0.004                          |
| misc/nupdates                  | 479                            |
| misc/serial_timesteps          | 1.97e+06                       |
| misc/time_elapsed              | 8.97e+03                       |
| misc/total_timesteps           | 1.97e+06                       |
| optimizer_history_correction   | 1                              |
| optimizer_momentum             | 1e-06                          |
| optimizer_momentum_semantics   | paper_sgd_momentum_1e-6        |
| ratio_max                      | 2.31                           |
| ratio_min                      | 0.383                          |
| ret_avg                        | 0.875                          |
| ret_max                        | 6.27                           |
| ret_med                        | -0.115                         |
| ret_min                        | -0.558                         |
| ret_var                        | 2.95                           |
-------------------------------------------------------------------
-------------------------------------------------------------------
| action_max                     | 14                             |
| action_min                     | 0                              |
| adv_avg                        | -0.558                         |
| adv_max                        | 2.59                           |
| adv_med                        | -0.562                         |
| adv_min                        | -3.44                          |
| adv_var                        | 0.0708                         |
| clipfrac                       | 0                              |
| critic_ratio_max               | 1                              |
| critic_ratio_min               | 1                              |
| critic_rows                    | 512                            |
| critic_trust_reason            | BELOW_0P005_DIVIDE_1P5         |
| critic_trust_update_count_t... | 367                            |
| curr_lr                        | 0.004                          |
| entropy                        | 1.69                           |
| eplenmean                      | 101                            |
| eprewmean                      | 0.7                            |
| fps                            | 330                            |
| grad_norm                      | 1.72                           |
| joint_actor_critic_cross_fr... | 37.6                           |
| joint_actor_fisher_quadratic   | 216                            |
| joint_actor_raw_scale          | 1.63e+03                       |
| joint_actor_rhs_norm           | 22.6                           |
| joint_applied_solve_residual   | 2.17e-13                       |
| joint_cholesky_info_max        | 0                              |
| joint_clip_scale               | 0.291                          |
| joint_critic_actor_cross_fr... | 37.6                           |
| joint_critic_ggn_quadratic     | 1.29                           |
| joint_critic_objective_coef    | 1                              |
| joint_critic_raw_scale         | 2.57e+03                       |
| joint_critic_rhs_norm          | 6.39                           |
| joint_cross_block_frobenius    | 37.6                           |
| joint_direction_l2             | 1.72                           |
| joint_finite_scan_pass         | 1                              |
| joint_jacobi_scale_max         | 1.41                           |
| joint_jacobi_scale_min         | 0.888                          |
| joint_kernel_mode              | exact_deterministic_ggn_2b     |
| joint_linear_solve_dtype       | torch.float64                  |
| joint_normalized_value_pred... | 0.00132                        |
| joint_optimizer_state_entries  | 26                             |
| joint_parameter_columns        | 9.39e+05                       |
| joint_policy_delta_l2          | 0.00139                        |
| joint_popart_std               | 1.64                           |
| joint_predicted_critic_dive... | 8.74e-07                       |
| joint_predicted_step_kl        | 0.000147                       |
| joint_raw_value_prediction_... | 0.00217                        |
| joint_relative_solve_residual  | 1.14e-15                       |
| joint_shared_delta_l2          | 0.00142                        |
| joint_solve_residual           | 2.27e-13                       |
| joint_solver_mode              | symmetrized_jacobi_fullfp64... |
| joint_system_rows              | 1.02e+03                       |
| joint_value_delta_l2           | 0.00022                        |
| kl                             | 0.0059                         |
| loss_pi                        | -0.0161                        |
| loss_v                         | 0.0798                         |
| lr                             | 0.004                          |
| misc/nupdates                  | 489                            |
| misc/serial_timesteps          | 2.01e+06                       |
| misc/time_elapsed              | 9.16e+03                       |
| misc/total_timesteps           | 2.01e+06                       |
| optimizer_history_correction   | 1                              |
| optimizer_momentum             | 1e-06                          |
| optimizer_momentum_semantics   | paper_sgd_momentum_1e-6        |
| ratio_max                      | 1.77                           |
| ratio_min                      | 0.344                          |
| ret_avg                        | 0.541                          |
| ret_max                        | 6.15                           |
| ret_med                        | -0.113                         |
| ret_min                        | -0.561                         |
| ret_var                        | 1.9                            |
-------------------------------------------------------------------
