| joint_relative_solve_residual | 8.14e-14                       |
| joint_solve_residual          | 3.08e-12                       |
| joint_solver_mode             | symmetrized_jacobi_fullfp64... |
| joint_system_rows             | 1.02e+03                       |
| kl                            | 0.00842                        |
| loss_pi                       | -0.0108                        |
| loss_v                        | 0.171                          |
| lr                            | 0.0135                         |
| misc/nupdates                 | 509                            |
| misc/serial_timesteps         | 2.09e+06                       |
| misc/time_elapsed             | 7.37e+03                       |
| misc/total_timesteps          | 2.09e+06                       |
| optimizer_history_correction  | 1                              |
| optimizer_momentum            | 1e-06                          |
| optimizer_momentum_semantics  | paper_sgd_momentum_1e-6        |
| ratio_max                     | 1.58                           |
| ratio_min                     | 0.413                          |
| ret_avg                       | 1.22                           |
| ret_max                       | 6.8                            |
| ret_med                       | -0.172                         |
| ret_min                       | -0.694                         |
| ret_var                       | 4.06                           |
------------------------------------------------------------------
------------------------------------------------------------------
| action_max                    | 14                             |
| action_min                    | 0                              |
| adv_avg                       | -0.455                         |
| adv_max                       | 2.92                           |
| adv_med                       | -0.472                         |
| adv_min                       | -5.09                          |
| adv_var                       | 0.131                          |
| clipfrac                      | 0                              |
| critic_ratio_max              | 1                              |
| critic_ratio_min              | 1                              |
| critic_rows                   | 512                            |
| curr_lr                       | 0.009                          |
| entropy                       | 1.31                           |
| eplenmean                     | 56.9                           |
| eprewmean                     | 0.57                           |
| fps                           | 223                            |
| grad_norm                     | 0.65                           |
| joint_actor_fisher_quadratic  | 3.06                           |
| joint_actor_raw_scale         | 7.73e+03                       |
| joint_applied_solve_residual  | 2.25e-12                       |
| joint_cholesky_info_max       | 0                              |
| joint_clip_scale              | 0.769                          |
| joint_critic_curvature_coef   | 0.1                            |
| joint_critic_ggn_quadratic    | 2.63                           |
| joint_critic_objective_coef   | 1                              |
| joint_critic_raw_scale        | 8.2e+03                        |
| joint_cross_block_frobenius   | 1.82e+03                       |
| joint_direction_l2            | 0.65                           |
| joint_finite_scan_pass        | 1                              |
| joint_jacobi_scale_max        | 1.41                           |
| joint_jacobi_scale_min        | 0.0423                         |
| joint_kernel_mode             | exact_deterministic_ggn_2b     |
| joint_linear_solve_dtype      | torch.float64                  |
| joint_optimizer_state_entries | 26                             |
| joint_predicted_step_kl       | 7.33e-05                       |
| joint_relative_solve_residual | 4.43e-14                       |
| joint_solve_residual          | 2.06e-12                       |
| joint_solver_mode             | symmetrized_jacobi_fullfp64... |
| joint_system_rows             | 1.02e+03                       |
| kl                            | 0.0314                         |
| loss_pi                       | -0.0302                        |
| loss_v                        | 0.101                          |
| lr                            | 0.009                          |
| misc/nupdates                 | 519                            |
| misc/serial_timesteps         | 2.13e+06                       |
| misc/time_elapsed             | 7.55e+03                       |
| misc/total_timesteps          | 2.13e+06                       |
| optimizer_history_correction  | 1                              |
| optimizer_momentum            | 1e-06                          |
| optimizer_momentum_semantics  | paper_sgd_momentum_1e-6        |
| ratio_max                     | 5.34                           |
| ratio_min                     | 0.135                          |
| ret_avg                       | 0.453                          |
| ret_max                       | 7.24                           |
| ret_med                       | -0.442                         |
| ret_min                       | -0.533                         |
| ret_var                       | 2.94                           |
------------------------------------------------------------------
------------------------------------------------------------------
| action_max                    | 14                             |
| action_min                    | 0                              |
| adv_avg                       | -0.545                         |
| adv_max                       | 2.11                           |
| adv_med                       | -0.465                         |
| adv_min                       | -5.56                          |
| adv_var                       | 0.341                          |
| clipfrac                      | 0                              |
| critic_ratio_max              | 1                              |
| critic_ratio_min              | 1                              |
| critic_rows                   | 512                            |
| curr_lr                       | 0.0135                         |
| entropy                       | 1.05                           |
| eplenmean                     | 61.9                           |
| eprewmean                     | 0.52                           |
| fps                           | 224                            |
| grad_norm                     | 0.677                          |
| joint_actor_fisher_quadratic  | 1.11                           |
| joint_actor_raw_scale         | 9.62e+03                       |
| joint_applied_solve_residual  | 3.46e-12                       |
| joint_cholesky_info_max       | 0                              |
| joint_clip_scale              | 0.739                          |
| joint_critic_curvature_coef   | 0.1                            |
| joint_critic_ggn_quadratic    | 1.62                           |
| joint_critic_objective_coef   | 1                              |
| joint_critic_raw_scale        | 1.63e+04                       |
| joint_cross_block_frobenius   | 2.76e+03                       |
| joint_direction_l2            | 0.677                          |
| joint_finite_scan_pass        | 1                              |
| joint_jacobi_scale_max        | 1.41                           |
| joint_jacobi_scale_min        | 0.053                          |
| joint_kernel_mode             | exact_deterministic_ggn_2b     |
| joint_linear_solve_dtype      | torch.float64                  |
| joint_optimizer_state_entries | 26                             |
| joint_predicted_step_kl       | 5.51e-05                       |
| joint_relative_solve_residual | 8.27e-14                       |
| joint_solve_residual          | 3.35e-12                       |
| joint_solver_mode             | symmetrized_jacobi_fullfp64... |
| joint_system_rows             | 1.02e+03                       |
| kl                            | 0.0141                         |
| loss_pi                       | -0.0313                        |
| loss_v                        | 0.165                          |
| lr                            | 0.0135                         |
| misc/nupdates                 | 529                            |
| misc/serial_timesteps         | 2.17e+06                       |
| misc/time_elapsed             | 7.74e+03                       |
| misc/total_timesteps          | 2.17e+06                       |
| optimizer_history_correction  | 1                              |
| optimizer_momentum            | 1e-06                          |
| optimizer_momentum_semantics  | paper_sgd_momentum_1e-6        |
| ratio_max                     | 1.64                           |
| ratio_min                     | 0.275                          |
| ret_avg                       | 1.61                           |
| ret_max                       | 6.36                           |
| ret_med                       | 1.83                           |
| ret_min                       | -0.649                         |
| ret_var                       | 4.12                           |
------------------------------------------------------------------
------------------------------------------------------------------
| action_max                    | 14                             |
| action_min                    | 0                              |
| adv_avg                       | -0.444                         |
| adv_max                       | 3.88                           |
| adv_med                       | -0.477                         |
| adv_min                       | -3.52                          |
| adv_var                       | 0.209                          |
| clipfrac                      | 0                              |
| critic_ratio_max              | 1                              |
| critic_ratio_min              | 1                              |
| critic_rows                   | 512                            |
| curr_lr                       | 0.009                          |
| entropy                       | 1.04                           |
| eplenmean                     | 79.8                           |
| eprewmean                     | 1.27                           |
| fps                           | 221                            |
| grad_norm                     | 0.648                          |
| joint_actor_fisher_quadratic  | 0.924                          |
| joint_actor_raw_scale         | 9.05e+03                       |
| joint_applied_solve_residual  | 2.81e-12                       |
| joint_cholesky_info_max       | 0                              |
| joint_clip_scale              | 0.772                          |
| joint_critic_curvature_coef   | 0.1                            |
| joint_critic_ggn_quadratic    | 3.24                           |
| joint_critic_objective_coef   | 1                              |
| joint_critic_raw_scale        | 1.48e+04                       |
| joint_cross_block_frobenius   | 1.95e+03                       |
| joint_direction_l2            | 0.648                          |
| joint_finite_scan_pass        | 1                              |
| joint_jacobi_scale_max        | 1.41                           |
| joint_jacobi_scale_min        | 0.0457                         |
| joint_kernel_mode             | exact_deterministic_ggn_2b     |
| joint_linear_solve_dtype      | torch.float64                  |
| joint_optimizer_state_entries | 26                             |
| joint_predicted_step_kl       | 2.23e-05                       |
| joint_relative_solve_residual | 6.79e-14                       |
| joint_solve_residual          | 2.71e-12                       |
| joint_solver_mode             | symmetrized_jacobi_fullfp64... |
| joint_system_rows             | 1.02e+03                       |
| kl                            | 0.0127                         |
| loss_pi                       | -0.0117                        |
| loss_v                        | 0.135                          |
| lr                            | 0.009                          |
| misc/nupdates                 | 539                            |
| misc/serial_timesteps         | 2.21e+06                       |
| misc/time_elapsed             | 7.92e+03                       |
| misc/total_timesteps          | 2.21e+06                       |
| optimizer_history_correction  | 1                              |
| optimizer_momentum            | 1e-06                          |
| optimizer_momentum_semantics  | paper_sgd_momentum_1e-6        |
| ratio_max                     | 1.51                           |
| ratio_min                     | 0.356                          |
| ret_avg                       | 0.71                           |
| ret_max                       | 6.22                           |
| ret_med                       | -0.35                          |
| ret_min                       | -0.649                         |
| ret_var                       | 1.99                           |
------------------------------------------------------------------
