| joint_relative_solve_residual | 5.66e-15                       |
| joint_solve_residual          | 4.05e-13                       |
| joint_solver_mode             | symmetrized_jacobi_fullfp64... |
| joint_system_rows             | 1.02e+03                       |
| kl                            | 0.0908                         |
| loss_pi                       | -0.0256                        |
| loss_v                        | 0.0208                         |
| lr                            | 0.00015                        |
| misc/nupdates                 | 1.01e+03                       |
| misc/serial_timesteps         | 4.14e+06                       |
| misc/time_elapsed             | 1.48e+04                       |
| misc/total_timesteps          | 4.14e+06                       |
| optimizer_history_correction  | 1                              |
| optimizer_momentum            | 1e-06                          |
| optimizer_momentum_semantics  | paper_sgd_momentum_1e-6        |
| ratio_max                     | 5.69                           |
| ratio_min                     | 0.1                            |
| ret_avg                       | 0.133                          |
| ret_max                       | 2.01                           |
| ret_med                       | -0.073                         |
| ret_min                       | -1.33                          |
| ret_var                       | 0.581                          |
------------------------------------------------------------------
------------------------------------------------------------------
| action_max                    | 14                             |
| action_min                    | 0                              |
| adv_avg                       | -1.25                          |
| adv_max                       | -0.375                         |
| adv_med                       | -1.27                          |
| adv_min                       | -2.26                          |
| adv_var                       | 0.0441                         |
| clipfrac                      | 0                              |
| critic_ratio_max              | 1                              |
| critic_ratio_min              | 1                              |
| critic_rows                   | 512                            |
| curr_lr                       | 0.000225                       |
| entropy                       | 0.621                          |
| eplenmean                     | 318                            |
| eprewmean                     | 7.77                           |
| fps                           | 250                            |
| grad_norm                     | 0.527                          |
| joint_actor_fisher_quadratic  | 5.58                           |
| joint_actor_raw_scale         | 1.29e+04                       |
| joint_applied_solve_residual  | 9.44e-13                       |
| joint_cholesky_info_max       | 0                              |
| joint_clip_scale              | 0.948                          |
| joint_critic_curvature_coef   | 0.1                            |
| joint_critic_ggn_quadratic    | 37.9                           |
| joint_critic_objective_coef   | 1                              |
| joint_critic_raw_scale        | 5.19e+03                       |
| joint_cross_block_frobenius   | 673                            |
| joint_direction_l2            | 0.527                          |
| joint_finite_scan_pass        | 1                              |
| joint_jacobi_scale_max        | 1.41                           |
| joint_jacobi_scale_min        | 0.024                          |
| joint_kernel_mode             | exact_deterministic_ggn_2b     |
| joint_linear_solve_dtype      | torch.float64                  |
| joint_optimizer_state_entries | 26                             |
| joint_predicted_step_kl       | 1.27e-07                       |
| joint_relative_solve_residual | 1.28e-14                       |
| joint_solve_residual          | 9.67e-13                       |
| joint_solver_mode             | symmetrized_jacobi_fullfp64... |
| joint_system_rows             | 1.02e+03                       |
| kl                            | 0.111                          |
| loss_pi                       | -0.0244                        |
| loss_v                        | 0.0207                         |
| lr                            | 0.00015                        |
| misc/nupdates                 | 1.02e+03                       |
| misc/serial_timesteps         | 4.18e+06                       |
| misc/time_elapsed             | 1.49e+04                       |
| misc/total_timesteps          | 4.18e+06                       |
| optimizer_history_correction  | 1                              |
| optimizer_momentum            | 1e-06                          |
| optimizer_momentum_semantics  | paper_sgd_momentum_1e-6        |
| ratio_max                     | 10                             |
| ratio_min                     | 0.1                            |
| ret_avg                       | 0.0723                         |
| ret_max                       | 2.24                           |
| ret_med                       | -0.157                         |
| ret_min                       | -1.34                          |
| ret_var                       | 0.718                          |
------------------------------------------------------------------
------------------------------------------------------------------
| action_max                    | 14                             |
| action_min                    | 0                              |
| adv_avg                       | -1.33                          |
| adv_max                       | 0.306                          |
| adv_med                       | -1.32                          |
| adv_min                       | -2.76                          |
| adv_var                       | 0.0489                         |
| clipfrac                      | 0                              |
| critic_ratio_max              | 1                              |
| critic_ratio_min              | 1                              |
| critic_rows                   | 512                            |
| curr_lr                       | 0.000225                       |
| entropy                       | 0.674                          |
| eplenmean                     | 310                            |
| eprewmean                     | 7.8                            |
| fps                           | 250                            |
| grad_norm                     | 0.535                          |
| joint_actor_fisher_quadratic  | 6.39                           |
| joint_actor_raw_scale         | 1.09e+04                       |
| joint_applied_solve_residual  | 4.67e-13                       |
| joint_cholesky_info_max       | 0                              |
| joint_clip_scale              | 0.934                          |
| joint_critic_curvature_coef   | 0.1                            |
| joint_critic_ggn_quadratic    | 3.24                           |
| joint_critic_objective_coef   | 1                              |
| joint_critic_raw_scale        | 4.43e+03                       |
| joint_cross_block_frobenius   | 397                            |
| joint_direction_l2            | 0.535                          |
| joint_finite_scan_pass        | 1                              |
| joint_jacobi_scale_max        | 1.41                           |
| joint_jacobi_scale_min        | 0.0342                         |
| joint_kernel_mode             | exact_deterministic_ggn_2b     |
| joint_linear_solve_dtype      | torch.float64                  |
| joint_optimizer_state_entries | 26                             |
| joint_predicted_step_kl       | 1.41e-07                       |
| joint_relative_solve_residual | 7.37e-15                       |
| joint_solve_residual          | 4.38e-13                       |
| joint_solver_mode             | symmetrized_jacobi_fullfp64... |
| joint_system_rows             | 1.02e+03                       |
| kl                            | 0.0855                         |
| loss_pi                       | -0.0446                        |
| loss_v                        | 0.0238                         |
| lr                            | 0.00015                        |
| misc/nupdates                 | 1.03e+03                       |
| misc/serial_timesteps         | 4.22e+06                       |
| misc/time_elapsed             | 1.51e+04                       |
| misc/total_timesteps          | 4.22e+06                       |
| optimizer_history_correction  | 1                              |
| optimizer_momentum            | 1e-06                          |
| optimizer_momentum_semantics  | paper_sgd_momentum_1e-6        |
| ratio_max                     | 5.53                           |
| ratio_min                     | 0.1                            |
| ret_avg                       | -0.0601                        |
| ret_max                       | 2.15                           |
| ret_med                       | -0.296                         |
| ret_min                       | -1.34                          |
| ret_var                       | 0.533                          |
------------------------------------------------------------------
------------------------------------------------------------------
| action_max                    | 14                             |
| action_min                    | 0                              |
| adv_avg                       | -1.32                          |
| adv_max                       | -0.274                         |
| adv_med                       | -1.32                          |
| adv_min                       | -2.14                          |
| adv_var                       | 0.0296                         |
| clipfrac                      | 0                              |
| critic_ratio_max              | 1                              |
| critic_ratio_min              | 1                              |
| critic_rows                   | 512                            |
| curr_lr                       | 0.000225                       |
| entropy                       | 0.794                          |
| eplenmean                     | 342                            |
| eprewmean                     | 9.79                           |
| fps                           | 251                            |
| grad_norm                     | 0.56                           |
| joint_actor_fisher_quadratic  | 5.5                            |
| joint_actor_raw_scale         | 1.34e+04                       |
| joint_applied_solve_residual  | 1.03e-12                       |
| joint_cholesky_info_max       | 0                              |
| joint_clip_scale              | 0.893                          |
| joint_critic_curvature_coef   | 0.1                            |
| joint_critic_ggn_quadratic    | 1.66                           |
| joint_critic_objective_coef   | 1                              |
| joint_critic_raw_scale        | 4.43e+03                       |
| joint_cross_block_frobenius   | 549                            |
| joint_direction_l2            | 0.56                           |
| joint_finite_scan_pass        | 1                              |
| joint_jacobi_scale_max        | 1.41                           |
| joint_jacobi_scale_min        | 0.0567                         |
| joint_kernel_mode             | exact_deterministic_ggn_2b     |
| joint_linear_solve_dtype      | torch.float64                  |
| joint_optimizer_state_entries | 26                             |
| joint_predicted_step_kl       | 1.11e-07                       |
| joint_relative_solve_residual | 1.75e-14                       |
| joint_solve_residual          | 8.13e-13                       |
| joint_solver_mode             | symmetrized_jacobi_fullfp64... |
| joint_system_rows             | 1.02e+03                       |
| kl                            | 0.0908                         |
| loss_pi                       | -0.0117                        |
| loss_v                        | 0.0135                         |
| lr                            | 0.00015                        |
| misc/nupdates                 | 1.04e+03                       |
| misc/serial_timesteps         | 4.26e+06                       |
| misc/time_elapsed             | 1.53e+04                       |
| misc/total_timesteps          | 4.26e+06                       |
| optimizer_history_correction  | 1                              |
| optimizer_momentum            | 1e-06                          |
| optimizer_momentum_semantics  | paper_sgd_momentum_1e-6        |
| ratio_max                     | 10                             |
| ratio_min                     | 0.146                          |
| ret_avg                       | -0.0498                        |
| ret_max                       | 2.44                           |
| ret_med                       | -0.0976                        |
| ret_min                       | -1.34                          |
| ret_var                       | 0.464                          |
------------------------------------------------------------------
