| joint_relative_solve_residual | 2.53e-14                       |
| joint_solve_residual          | 3.36e-12                       |
| joint_solver_mode             | symmetrized_jacobi_fullfp64... |
| joint_system_rows             | 1.02e+03                       |
| kl                            | 0.0822                         |
| loss_pi                       | 0.0297                         |
| loss_v                        | 0.00221                        |
| lr                            | 0.0001                         |
| misc/nupdates                 | 499                            |
| misc/serial_timesteps         | 2.05e+06                       |
| misc/time_elapsed             | 6.42e+03                       |
| misc/total_timesteps          | 2.05e+06                       |
| optimizer_history_correction  | 1                              |
| optimizer_momentum            | 1e-06                          |
| optimizer_momentum_semantics  | paper_sgd_momentum_1e-6        |
| ratio_max                     | 10                             |
| ratio_min                     | 0.1                            |
| ret_avg                       | -0.204                         |
| ret_max                       | -0.102                         |
| ret_med                       | -0.197                         |
| ret_min                       | -0.539                         |
| ret_var                       | 0.0029                         |
------------------------------------------------------------------
------------------------------------------------------------------
| action_max                    | 7                              |
| action_min                    | 1                              |
| adv_avg                       | -0.556                         |
| adv_max                       | -0.374                         |
| adv_med                       | -0.543                         |
| adv_min                       | -1.71                          |
| adv_var                       | 0.00475                        |
| clipfrac                      | 0                              |
| critic_ratio_max              | 1                              |
| critic_ratio_min              | 1                              |
| critic_rows                   | 512                            |
| curr_lr                       | 0.0001                         |
| entropy                       | 0.195                          |
| eplenmean                     | 942                            |
| eprewmean                     | 0.1                            |
| fps                           | 252                            |
| grad_norm                     | 0.497                          |
| joint_actor_fisher_quadratic  | 11.5                           |
| joint_actor_raw_scale         | 4.67e+03                       |
| joint_applied_solve_residual  | 6.54e-13                       |
| joint_cholesky_info_max       | 0                              |
| joint_clip_scale              | 1                              |
| joint_critic_curvature_coef   | 0.1                            |
| joint_critic_ggn_quadratic    | 86.2                           |
| joint_critic_objective_coef   | 1                              |
| joint_critic_raw_scale        | 4.98e+03                       |
| joint_cross_block_frobenius   | 516                            |
| joint_direction_l2            | 0.497                          |
| joint_finite_scan_pass        | 1                              |
| joint_jacobi_scale_max        | 1.41                           |
| joint_jacobi_scale_min        | 0.0831                         |
| joint_kernel_mode             | exact_deterministic_ggn_2b     |
| joint_linear_solve_dtype      | torch.float64                  |
| joint_optimizer_state_entries | 26                             |
| joint_predicted_step_kl       | 5.77e-08                       |
| joint_relative_solve_residual | 6.14e-15                       |
| joint_solve_residual          | 4.7e-13                        |
| joint_solver_mode             | symmetrized_jacobi_fullfp64... |
| joint_system_rows             | 1.02e+03                       |
| kl                            | 0.063                          |
| loss_pi                       | -9.28e-05                      |
| loss_v                        | 0.0145                         |
| lr                            | 0.0001                         |
| misc/nupdates                 | 509                            |
| misc/serial_timesteps         | 2.09e+06                       |
| misc/time_elapsed             | 6.59e+03                       |
| misc/total_timesteps          | 2.09e+06                       |
| optimizer_history_correction  | 1                              |
| optimizer_momentum            | 1e-06                          |
| optimizer_momentum_semantics  | paper_sgd_momentum_1e-6        |
| ratio_max                     | 10                             |
| ratio_min                     | 0.1                            |
| ret_avg                       | -0.122                         |
| ret_max                       | 1.07                           |
| ret_med                       | -0.314                         |
| ret_min                       | -0.539                         |
| ret_var                       | 0.186                          |
------------------------------------------------------------------
------------------------------------------------------------------
| action_max                    | 14                             |
| action_min                    | 1                              |
| adv_avg                       | -0.552                         |
| adv_max                       | -0.35                          |
| adv_med                       | -0.549                         |
| adv_min                       | -1.16                          |
| adv_var                       | 0.00138                        |
| clipfrac                      | 0                              |
| critic_ratio_max              | 1                              |
| critic_ratio_min              | 1                              |
| critic_rows                   | 512                            |
| curr_lr                       | 0.0001                         |
| entropy                       | 0.194                          |
| eplenmean                     | 880                            |
| eprewmean                     | 0.3                            |
| fps                           | 250                            |
| grad_norm                     | 0.392                          |
| joint_actor_fisher_quadratic  | 4.76                           |
| joint_actor_raw_scale         | 3.82e+03                       |
| joint_applied_solve_residual  | 7.49e-13                       |
| joint_cholesky_info_max       | 0                              |
| joint_clip_scale              | 1                              |
| joint_critic_curvature_coef   | 0.1                            |
| joint_critic_ggn_quadratic    | 43.8                           |
| joint_critic_objective_coef   | 1                              |
| joint_critic_raw_scale        | 3.73e+03                       |
| joint_cross_block_frobenius   | 128                            |
| joint_direction_l2            | 0.392                          |
| joint_finite_scan_pass        | 1                              |
| joint_jacobi_scale_max        | 1.41                           |
| joint_jacobi_scale_min        | 0.0363                         |
| joint_kernel_mode             | exact_deterministic_ggn_2b     |
| joint_linear_solve_dtype      | torch.float64                  |
| joint_optimizer_state_entries | 26                             |
| joint_predicted_step_kl       | 2.38e-08                       |
| joint_relative_solve_residual | 1.04e-14                       |
| joint_solve_residual          | 7.97e-13                       |
| joint_solver_mode             | symmetrized_jacobi_fullfp64... |
| joint_system_rows             | 1.02e+03                       |
| kl                            | 0.0576                         |
| loss_pi                       | 0.00508                        |
| loss_v                        | 0.0046                         |
| lr                            | 0.0001                         |
| misc/nupdates                 | 519                            |
| misc/serial_timesteps         | 2.13e+06                       |
| misc/time_elapsed             | 6.75e+03                       |
| misc/total_timesteps          | 2.13e+06                       |
| optimizer_history_correction  | 1                              |
| optimizer_momentum            | 1e-06                          |
| optimizer_momentum_semantics  | paper_sgd_momentum_1e-6        |
| ratio_max                     | 5.96                           |
| ratio_min                     | 0.1                            |
| ret_avg                       | -0.219                         |
| ret_max                       | 0.0486                         |
| ret_med                       | -0.232                         |
| ret_min                       | -0.542                         |
| ret_var                       | 0.021                          |
------------------------------------------------------------------
------------------------------------------------------------------
| action_max                    | 7                              |
| action_min                    | 1                              |
| adv_avg                       | -0.557                         |
| adv_max                       | -0.311                         |
| adv_med                       | -0.549                         |
| adv_min                       | -1.22                          |
| adv_var                       | 0.00227                        |
| clipfrac                      | 0                              |
| critic_ratio_max              | 1                              |
| critic_ratio_min              | 1                              |
| critic_rows                   | 512                            |
| curr_lr                       | 0.0001                         |
| entropy                       | 0.0768                         |
| eplenmean                     | 865                            |
| eprewmean                     | 0.3                            |
| fps                           | 253                            |
| grad_norm                     | 0.309                          |
| joint_actor_fisher_quadratic  | 24.8                           |
| joint_actor_raw_scale         | 1.6e+03                        |
| joint_applied_solve_residual  | 3.97e-13                       |
| joint_cholesky_info_max       | 0                              |
| joint_clip_scale              | 1                              |
| joint_critic_curvature_coef   | 0.1                            |
| joint_critic_ggn_quadratic    | 2.68                           |
| joint_critic_objective_coef   | 1                              |
| joint_critic_raw_scale        | 8.43e+03                       |
| joint_cross_block_frobenius   | 97.9                           |
| joint_direction_l2            | 0.309                          |
| joint_finite_scan_pass        | 1                              |
| joint_jacobi_scale_max        | 1.41                           |
| joint_jacobi_scale_min        | 0.28                           |
| joint_kernel_mode             | exact_deterministic_ggn_2b     |
| joint_linear_solve_dtype      | torch.float64                  |
| joint_optimizer_state_entries | 26                             |
| joint_predicted_step_kl       | 1.24e-07                       |
| joint_relative_solve_residual | 3.42e-15                       |
| joint_solve_residual          | 2.79e-13                       |
| joint_solver_mode             | symmetrized_jacobi_fullfp64... |
| joint_system_rows             | 1.02e+03                       |
| kl                            | 0.0878                         |
| loss_pi                       | -0.0198                        |
| loss_v                        | 0.00244                        |
| lr                            | 0.0001                         |
| misc/nupdates                 | 529                            |
| misc/serial_timesteps         | 2.17e+06                       |
| misc/time_elapsed             | 6.91e+03                       |
| misc/total_timesteps          | 2.17e+06                       |
| optimizer_history_correction  | 1                              |
| optimizer_momentum            | 1e-06                          |
| optimizer_momentum_semantics  | paper_sgd_momentum_1e-6        |
| ratio_max                     | 1.29                           |
| ratio_min                     | 0.128                          |
| ret_avg                       | -0.21                          |
| ret_max                       | 0.147                          |
| ret_med                       | -0.169                         |
| ret_min                       | -0.543                         |
| ret_var                       | 0.029                          |
------------------------------------------------------------------

