| eplenmean                      | 342                            |
| eprewmean                      | 4.43                           |
| fps                            | 170                            |
| grad_norm                      | 1.25                           |
| joint_actor_critic_cross_fr... | 135                            |
| joint_actor_fisher_quadratic   | 7.98                           |
| joint_actor_raw_scale          | 235                            |
| joint_actor_rhs_norm           | 22.6                           |
| joint_applied_solve_residual   | 9.6e-14                        |
| joint_cholesky_info_max        | 0                              |
| joint_clip_scale               | 0.399                          |
| joint_critic_actor_cross_fr... | 135                            |
| joint_critic_ggn_quadratic     | 10.9                           |
| joint_critic_objective_coef    | 1                              |
| joint_critic_raw_scale         | 402                            |
| joint_critic_rhs_norm          | 4.3                            |
| joint_cross_block_frobenius    | 135                            |
| joint_direction_l2             | 1.25                           |
| joint_finite_scan_pass         | 1                              |
| joint_jacobi_scale_max         | 1.41                           |
| joint_jacobi_scale_min         | 1.17                           |
| joint_kernel_mode              | exact_deterministic_ggn_2b     |
| joint_linear_solve_dtype       | torch.float64                  |
| joint_normalized_value_pred... | 0.00524                        |
| joint_optimizer_state_entries  | 26                             |
| joint_parameter_columns        | 9.39e+05                       |
| joint_policy_delta_l2          | 0.0016                         |
| joint_popart_std               | 1.96                           |
| joint_predicted_critic_dive... | 1.38e-05                       |
| joint_predicted_step_kl        | 1.02e-05                       |
| joint_raw_value_prediction_... | 0.0102                         |
| joint_relative_solve_residual  | 5.2e-16                        |
| joint_shared_delta_l2          | 0.00114                        |
| joint_solve_residual           | 1.01e-13                       |
| joint_solver_mode              | symmetrized_jacobi_fullfp64... |
| joint_system_rows              | 1.02e+03                       |
| joint_value_delta_l2           | 0.000351                       |
| kl                             | 0.000648                       |
| loss_pi                        | -0.00125                       |
| loss_v                         | 0.0361                         |
| lr                             | 0.004                          |
| misc/nupdates                  | 469                            |
| misc/serial_timesteps          | 1.93e+06                       |
| misc/time_elapsed              | 8.6e+03                        |
| misc/total_timesteps           | 1.93e+06                       |
| optimizer_history_correction   | 1                              |
| optimizer_momentum             | 1e-06                          |
| optimizer_momentum_semantics   | paper_sgd_momentum_1e-6        |
| ratio_max                      | 1.2                            |
| ratio_min                      | 0.72                           |
| ret_avg                        | 0.0174                         |
| ret_max                        | 4.8                            |
| ret_med                        | -0.428                         |
| ret_min                        | -0.782                         |
| ret_var                        | 1.66                           |
-------------------------------------------------------------------
-------------------------------------------------------------------
| action_max                     | 14                             |
| action_min                     | 0                              |
| adv_avg                        | -0.824                         |
| adv_max                        | 1.12                           |
| adv_med                        | -0.799                         |
| adv_min                        | -3.49                          |
| adv_var                        | 0.0709                         |
| clipfrac                       | 0                              |
| critic_ratio_max               | 1                              |
| critic_ratio_min               | 1                              |
| critic_rows                    | 512                            |
| critic_trust_reason            | BELOW_0P005_DIVIDE_1P5         |
| critic_trust_update_count_t... | 357                            |
| curr_lr                        | 0.004                          |
| entropy                        | 2.1                            |
| eplenmean                      | 348                            |
| eprewmean                      | 3.67                           |
| fps                            | 171                            |
| grad_norm                      | 1.46                           |
| joint_actor_critic_cross_fr... | 117                            |
| joint_actor_fisher_quadratic   | 5.77                           |
| joint_actor_raw_scale          | 249                            |
| joint_actor_rhs_norm           | 22.6                           |
| joint_applied_solve_residual   | 1.15e-13                       |
| joint_cholesky_info_max        | 0                              |
| joint_clip_scale               | 0.343                          |
| joint_critic_actor_cross_fr... | 117                            |
| joint_critic_ggn_quadratic     | 2.75                           |
| joint_critic_objective_coef    | 1                              |
| joint_critic_raw_scale         | 472                            |
| joint_critic_rhs_norm          | 5.9                            |
| joint_cross_block_frobenius    | 117                            |
| joint_direction_l2             | 1.46                           |
| joint_finite_scan_pass         | 1                              |
| joint_jacobi_scale_max         | 1.41                           |
| joint_jacobi_scale_min         | 1.12                           |
| joint_kernel_mode              | exact_deterministic_ggn_2b     |
| joint_linear_solve_dtype       | torch.float64                  |
| joint_normalized_value_pred... | 0.00227                        |
| joint_optimizer_state_entries  | 26                             |
| joint_parameter_columns        | 9.39e+05                       |
| joint_policy_delta_l2          | 0.00166                        |
| joint_popart_std               | 1.96                           |
| joint_predicted_critic_dive... | 2.59e-06                       |
| joint_predicted_step_kl        | 5.44e-06                       |
| joint_raw_value_prediction_... | 0.00445                        |
| joint_relative_solve_residual  | 6.15e-16                       |
| joint_shared_delta_l2          | 0.00103                        |
| joint_solve_residual           | 1.14e-13                       |
| joint_solver_mode              | symmetrized_jacobi_fullfp64... |
| joint_system_rows              | 1.02e+03                       |
| joint_value_delta_l2           | 0.00041                        |
| kl                             | 0.000632                       |
| loss_pi                        | -0.00639                       |
| loss_v                         | 0.0679                         |
| lr                             | 0.004                          |
| misc/nupdates                  | 479                            |
| misc/serial_timesteps          | 1.97e+06                       |
| misc/time_elapsed              | 8.85e+03                       |
| misc/total_timesteps           | 1.97e+06                       |
| optimizer_history_correction   | 1                              |
| optimizer_momentum             | 1e-06                          |
| optimizer_momentum_semantics   | paper_sgd_momentum_1e-6        |
| ratio_max                      | 1.36                           |
| ratio_min                      | 0.803                          |
| ret_avg                        | 0.234                          |
| ret_max                        | 4.95                           |
| ret_med                        | -0.216                         |
| ret_min                        | -0.781                         |
| ret_var                        | 1.57                           |
-------------------------------------------------------------------
-------------------------------------------------------------------
| action_max                     | 14                             |
| action_min                     | 0                              |
| adv_avg                        | -0.755                         |
| adv_max                        | 1.31                           |
| adv_med                        | -0.782                         |
| adv_min                        | -3.32                          |
| adv_var                        | 0.115                          |
| clipfrac                       | 0                              |
| critic_ratio_max               | 1                              |
| critic_ratio_min               | 1                              |
| critic_rows                    | 512                            |
| critic_trust_reason            | BELOW_0P005_DIVIDE_1P5         |
| critic_trust_update_count_t... | 367                            |
| curr_lr                        | 0.004                          |
| entropy                        | 2.17                           |
| eplenmean                      | 358                            |
| eprewmean                      | 4.07                           |
| fps                            | 172                            |
| grad_norm                      | 1.58                           |
| joint_actor_critic_cross_fr... | 177                            |
| joint_actor_fisher_quadratic   | 6.01                           |
| joint_actor_raw_scale          | 303                            |
| joint_actor_rhs_norm           | 22.6                           |
| joint_applied_solve_residual   | 1.1e-13                        |
| joint_cholesky_info_max        | 0                              |
| joint_clip_scale               | 0.316                          |
| joint_critic_actor_cross_fr... | 177                            |
| joint_critic_ggn_quadratic     | 9.34                           |
| joint_critic_objective_coef    | 1                              |
| joint_critic_raw_scale         | 527                            |
| joint_critic_rhs_norm          | 7.52                           |
| joint_cross_block_frobenius    | 177                            |
| joint_direction_l2             | 1.58                           |
| joint_finite_scan_pass         | 1                              |
| joint_jacobi_scale_max         | 1.41                           |
| joint_jacobi_scale_min         | 1.08                           |
| joint_kernel_mode              | exact_deterministic_ggn_2b     |
| joint_linear_solve_dtype       | torch.float64                  |
| joint_normalized_value_pred... | 0.00387                        |
| joint_optimizer_state_entries  | 26                             |
| joint_parameter_columns        | 9.39e+05                       |
| joint_policy_delta_l2          | 0.00162                        |
| joint_popart_std               | 1.96                           |
| joint_predicted_critic_dive... | 7.48e-06                       |
| joint_predicted_step_kl        | 4.81e-06                       |
| joint_raw_value_prediction_... | 0.00758                        |
| joint_relative_solve_residual  | 5.75e-16                       |
| joint_shared_delta_l2          | 0.000919                       |
| joint_solve_residual           | 1.24e-13                       |
| joint_solver_mode              | symmetrized_jacobi_fullfp64... |
| joint_system_rows              | 1.02e+03                       |
| joint_value_delta_l2           | 0.000721                       |
| kl                             | 0.000442                       |
| loss_pi                        | -0.00657                       |
| loss_v                         | 0.11                           |
| lr                             | 0.004                          |
| misc/nupdates                  | 489                            |
| misc/serial_timesteps          | 2.01e+06                       |
| misc/time_elapsed              | 9.08e+03                       |
| misc/total_timesteps           | 2.01e+06                       |
| optimizer_history_correction   | 1                              |
| optimizer_momentum             | 1e-06                          |
| optimizer_momentum_semantics   | paper_sgd_momentum_1e-6        |
| ratio_max                      | 1.09                           |
| ratio_min                      | 0.8                            |
| ret_avg                        | 0.226                          |
| ret_max                        | 4.58                           |
| ret_med                        | -0.154                         |
| ret_min                        | -0.782                         |
| ret_var                        | 1.13                           |
-------------------------------------------------------------------
