Setting seed: 0
Logging to logs/shared.adv.resnet.dropout_0.0.damping_0.5.lr_0.5/bigfish-easy-0-10.20260826-152324_0
creating environment
Running on device: cuda:0
training...

Number of parameters: 938979.0

--------------------------------------------
| action_max                    | 14       |
| action_min                    | 0        |
| adv_avg                       | 0.000318 |
| adv_max                       | 5.32     |
| adv_med                       | -0.571   |
| adv_min                       | -0.571   |
| adv_var                       | 1        |
| clipfrac                      | 0.156    |
| curr_lr                       | 0.001    |
| entropy                       | 2.7      |
| eplenmean                     | 94.6     |
| eprewmean                     | 1.19     |
| fps                           | 564      |
| grad_norm                     | 0.562    |
| joint_optimizer_state_entries | 0        |
| kl                            | 0.011    |
| loss_pi                       | -0.00882 |
| loss_v                        | 0.842    |
| lr                            | 0.001    |
| misc/nupdates                 | 0        |
| misc/serial_timesteps         | 4.1e+03  |
| misc/time_elapsed             | 7.28     |
| misc/total_timesteps          | 4.1e+03  |
| ratio_max                     | 1.53     |
| ratio_min                     | 0.634    |
| ret_avg                       | 3.35e-08 |
| ret_max                       | 5.32     |
| ret_med                       | -0.571   |
| ret_min                       | -0.571   |
| ret_var                       | 1        |
--------------------------------------------
------------------------------------------------------------------
| action_max                    | 14                             |
| action_min                    | 0                              |
| adv_avg                       | -0.353                         |
| adv_max                       | 4.73                           |
| adv_med                       | -0.743                         |
| adv_min                       | -2.05                          |
| adv_var                       | 0.81                           |
| clipfrac                      | 0                              |
| critic_ratio_max              | 1                              |
| critic_ratio_min              | 1                              |
| critic_rows                   | 512                            |
| curr_lr                       | 0.000338                       |
| entropy                       | 2.63                           |
| eplenmean                     | 120                            |
| eprewmean                     | 1.61                           |
| fps                           | 238                            |
| grad_norm                     | 0.575                          |
| joint_actor_fisher_quadratic  | 0.079                          |
| joint_actor_raw_scale         | 49.8                           |
| joint_applied_solve_residual  | 1.51e-13                       |
| joint_cholesky_info_max       | 0                              |
| joint_clip_scale              | 0.87                           |
| joint_critic_curvature_coef   | 0.1                            |
| joint_critic_ggn_quadratic    | 2.87                           |
| joint_critic_objective_coef   | 1                              |
| joint_critic_raw_scale        | 314                            |
| joint_cross_block_frobenius   | 66                             |
| joint_direction_l2            | 0.575                          |
| joint_finite_scan_pass        | 1                              |
| joint_jacobi_scale_max        | 1.41                           |
| joint_jacobi_scale_min        | 0.814                          |
| joint_kernel_mode             | exact_deterministic_ggn_2b     |
| joint_linear_solve_dtype      | torch.float64                  |
| joint_optimizer_state_entries | 26                             |
| joint_predicted_step_kl       | 3.42e-09                       |
| joint_relative_solve_residual | 2.45e-15                       |
| joint_solve_residual          | 1.59e-13                       |
| joint_solver_mode             | symmetrized_jacobi_fullfp64... |
| joint_system_rows             | 1.02e+03                       |
| kl                            | 0.077                          |
| loss_pi                       | -0.04                          |
| loss_v                        | 0.6                            |
| lr                            | 0.000226                       |
| misc/nupdates                 | 1                              |
| misc/serial_timesteps         | 8.19e+03                       |
| misc/time_elapsed             | 24.7                           |
| misc/total_timesteps          | 8.19e+03                       |
| optimizer_history_correction  | 1                              |
| optimizer_momentum            | 1e-06                          |
| optimizer_momentum_semantics  | paper_sgd_momentum_1e-6        |
| ratio_max                     | 3.65                           |
| ratio_min                     | 0.279                          |
| ret_avg                       | 0.274                          |
| ret_max                       | 5.59                           |
| ret_med                       | -0.0588                        |
| ret_min                       | -0.83                          |
| ret_var                       | 0.903                          |
------------------------------------------------------------------
------------------------------------------------------------------
| action_max                    | 14                             |
| action_min                    | 0                              |
| adv_avg                       | -0.648                         |
| adv_max                       | 3.94                           |
| adv_med                       | -0.856                         |
| adv_min                       | -4.02                          |
| adv_var                       | 0.885                          |
| clipfrac                      | 0                              |
| critic_ratio_max              | 1                              |
| critic_ratio_min              | 1                              |
| critic_rows                   | 512                            |
| curr_lr                       | 0.00867                        |
| entropy                       | 2.49                           |
| eplenmean                     | 122                            |
| eprewmean                     | 1.57                           |
| fps                           | 252                            |
| grad_norm                     | 0.615                          |
| joint_actor_fisher_quadratic  | 0.211                          |
| joint_actor_raw_scale         | 107                            |
| joint_applied_solve_residual  | 2.08e-13                       |
| joint_cholesky_info_max       | 0                              |
| joint_clip_scale              | 0.812                          |
| joint_critic_curvature_coef   | 0.1                            |
| joint_critic_ggn_quadratic    | 0.373                          |
| joint_critic_objective_coef   | 1                              |
| joint_critic_raw_scale        | 409                            |
| joint_cross_block_frobenius   | 106                            |
| joint_direction_l2            | 0.615                          |
| joint_finite_scan_pass        | 1                              |
| joint_jacobi_scale_max        | 1.41                           |
| joint_jacobi_scale_min        | 0.847                          |
| joint_kernel_mode             | exact_deterministic_ggn_2b     |
| joint_linear_solve_dtype      | torch.float64                  |
| joint_optimizer_state_entries | 26                             |
| joint_predicted_step_kl       | 5.25e-06                       |
| joint_relative_solve_residual | 3.17e-15                       |
| joint_solve_residual          | 1.97e-13                       |
| joint_solver_mode             | symmetrized_jacobi_fullfp64... |
| joint_system_rows             | 1.02e+03                       |
| kl                            | 0.0812                         |
| loss_pi                       | -0.0601                        |
| loss_v                        | 0.725                          |
| lr                            | 0.00578                        |
| misc/nupdates                 | 2                              |
| misc/serial_timesteps         | 1.23e+04                       |
| misc/time_elapsed             | 40.9                           |
| misc/total_timesteps          | 1.23e+04                       |
| optimizer_history_correction  | 1                              |
| optimizer_momentum            | 1e-06                          |
| optimizer_momentum_semantics  | paper_sgd_momentum_1e-6        |
| ratio_max                     | 3.77                           |
| ratio_min                     | 0.264                          |
| ret_avg                       | 0.511                          |
| ret_max                       | 4.97                           |
| ret_med                       | 0.322                          |
| ret_min                       | -0.972                         |
| ret_var                       | 1.12                           |
------------------------------------------------------------------
