| eplenmean                      | 98.8                           |
| eprewmean                      | 0.35                           |
| fps                            | 169                            |
| grad_norm                      | 1.85                           |
| joint_actor_critic_cross_fr... | 63.9                           |
| joint_actor_fisher_quadratic   | 114                            |
| joint_actor_raw_scale          | 1.77e+03                       |
| joint_actor_rhs_norm           | 22.6                           |
| joint_applied_solve_residual   | 4.28e-13                       |
| joint_cholesky_info_max        | 0                              |
| joint_clip_scale               | 0.27                           |
| joint_critic_actor_cross_fr... | 63.9                           |
| joint_critic_ggn_quadratic     | 1.75                           |
| joint_critic_objective_coef    | 1                              |
| joint_critic_raw_scale         | 2.86e+03                       |
| joint_critic_rhs_norm          | 7.53                           |
| joint_cross_block_frobenius    | 63.9                           |
| joint_direction_l2             | 1.85                           |
| joint_finite_scan_pass         | 1                              |
| joint_jacobi_scale_max         | 1.41                           |
| joint_jacobi_scale_min         | 0.588                          |
| joint_kernel_mode              | exact_deterministic_ggn_2b     |
| joint_linear_solve_dtype       | torch.float64                  |
| joint_normalized_value_pred... | 0.00143                        |
| joint_optimizer_state_entries  | 26                             |
| joint_parameter_columns        | 9.39e+05                       |
| joint_policy_delta_l2          | 0.00128                        |
| joint_popart_std               | 1.14                           |
| joint_predicted_critic_dive... | 4.09e-06                       |
| joint_predicted_step_kl        | 6.64e-05                       |
| joint_raw_value_prediction_... | 0.00163                        |
| joint_relative_solve_residual  | 2.34e-15                       |
| joint_shared_delta_l2          | 0.00153                        |
| joint_solve_residual           | 4.29e-13                       |
| joint_solver_mode              | symmetrized_jacobi_fullfp64... |
| joint_system_rows              | 1.02e+03                       |
| joint_value_delta_l2           | 0.000161                       |
| kl                             | 0.0137                         |
| loss_pi                        | -0.0149                        |
| loss_v                         | 0.111                          |
| lr                             | 0.004                          |
| misc/nupdates                  | 469                            |
| misc/serial_timesteps          | 1.93e+06                       |
| misc/time_elapsed              | 8.77e+03                       |
| misc/total_timesteps           | 1.93e+06                       |
| optimizer_history_correction   | 1                              |
| optimizer_momentum             | 1e-06                          |
| optimizer_momentum_semantics   | paper_sgd_momentum_1e-6        |
| ratio_max                      | 2.09                           |
| ratio_min                      | 0.312                          |
| ret_avg                        | 0.772                          |
| ret_max                        | 4.64                           |
| ret_med                        | 0.0378                         |
| ret_min                        | -0.558                         |
| ret_var                        | 2.24                           |
-------------------------------------------------------------------
-------------------------------------------------------------------
| action_max                     | 14                             |
| action_min                     | 0                              |
| adv_avg                        | -0.565                         |
| adv_max                        | 8.78                           |
| adv_med                        | -0.565                         |
| adv_min                        | -3.96                          |
| adv_var                        | 0.178                          |
| clipfrac                       | 0                              |
| critic_ratio_max               | 1                              |
| critic_ratio_min               | 1                              |
| critic_rows                    | 512                            |
| critic_trust_reason            | BELOW_0P005_DIVIDE_1P5         |
| critic_trust_update_count_t... | 357                            |
| curr_lr                        | 0.004                          |
| entropy                        | 1.71                           |
| eplenmean                      | 99.5                           |
| eprewmean                      | 0.49                           |
| fps                            | 170                            |
| grad_norm                      | 4.64                           |
| joint_actor_critic_cross_fr... | 38.9                           |
| joint_actor_fisher_quadratic   | 216                            |
| joint_actor_raw_scale          | 1.07e+03                       |
| joint_actor_rhs_norm           | 22.6                           |
| joint_applied_solve_residual   | 1.84e-13                       |
| joint_cholesky_info_max        | 0                              |
| joint_clip_scale               | 0.108                          |
| joint_critic_actor_cross_fr... | 38.9                           |
| joint_critic_ggn_quadratic     | 2.27                           |
| joint_critic_objective_coef    | 1                              |
| joint_critic_raw_scale         | 1.36e+03                       |
| joint_critic_rhs_norm          | 9.5                            |
| joint_cross_block_frobenius    | 38.9                           |
| joint_direction_l2             | 4.64                           |
| joint_finite_scan_pass         | 1                              |
| joint_jacobi_scale_max         | 1.41                           |
| joint_jacobi_scale_min         | 0.688                          |
| joint_kernel_mode              | exact_deterministic_ggn_2b     |
| joint_linear_solve_dtype       | torch.float64                  |
| joint_normalized_value_pred... | 0.000649                       |
| joint_optimizer_state_entries  | 26                             |
| joint_parameter_columns        | 9.39e+05                       |
| joint_policy_delta_l2          | 0.000639                       |
| joint_popart_std               | 1.15                           |
| joint_predicted_critic_dive... | 8.42e-07                       |
| joint_predicted_step_kl        | 2e-05                          |
| joint_raw_value_prediction_... | 0.000749                       |
| joint_relative_solve_residual  | 9.86e-16                       |
| joint_shared_delta_l2          | 0.00189                        |
| joint_solve_residual           | 2.03e-13                       |
| joint_solver_mode              | symmetrized_jacobi_fullfp64... |
| joint_system_rows              | 1.02e+03                       |
| joint_value_delta_l2           | 5.35e-05                       |
| kl                             | 0.00424                        |
| loss_pi                        | -0.0309                        |
| loss_v                         | 0.176                          |
| lr                             | 0.004                          |
| misc/nupdates                  | 479                            |
| misc/serial_timesteps          | 1.97e+06                       |
| misc/time_elapsed              | 9.02e+03                       |
| misc/total_timesteps           | 1.97e+06                       |
| optimizer_history_correction   | 1                              |
| optimizer_momentum             | 1e-06                          |
| optimizer_momentum_semantics   | paper_sgd_momentum_1e-6        |
| ratio_max                      | 1.71                           |
| ratio_min                      | 0.5                            |
| ret_avg                        | 0.156                          |
| ret_max                        | 8.97                           |
| ret_med                        | -0.337                         |
| ret_min                        | -0.561                         |
| ret_var                        | 0.944                          |
-------------------------------------------------------------------
-------------------------------------------------------------------
| action_max                     | 14                             |
| action_min                     | 0                              |
| adv_avg                        | -0.561                         |
| adv_max                        | 6.06                           |
| adv_med                        | -0.569                         |
| adv_min                        | -3.46                          |
| adv_var                        | 0.214                          |
| clipfrac                       | 0                              |
| critic_ratio_max               | 1                              |
| critic_ratio_min               | 1                              |
| critic_rows                    | 512                            |
| critic_trust_reason            | BELOW_0P005_DIVIDE_1P5         |
| critic_trust_update_count_t... | 367                            |
| curr_lr                        | 0.004                          |
| entropy                        | 1.76                           |
| eplenmean                      | 108                            |
| eprewmean                      | 0.62                           |
| fps                            | 648                            |
| grad_norm                      | 1.48                           |
| joint_actor_critic_cross_fr... | 30.6                           |
| joint_actor_fisher_quadratic   | 157                            |
| joint_actor_raw_scale          | 1.29e+03                       |
| joint_actor_rhs_norm           | 22.6                           |
| joint_applied_solve_residual   | 4.79e-13                       |
| joint_cholesky_info_max        | 0                              |
| joint_clip_scale               | 0.337                          |
| joint_critic_actor_cross_fr... | 30.6                           |
| joint_critic_ggn_quadratic     | 0.696                          |
| joint_critic_objective_coef    | 1                              |
| joint_critic_raw_scale         | 2.23e+03                       |
| joint_critic_rhs_norm          | 9.27                           |
| joint_cross_block_frobenius    | 30.6                           |
| joint_direction_l2             | 1.48                           |
| joint_finite_scan_pass         | 1                              |
| joint_jacobi_scale_max         | 1.41                           |
| joint_jacobi_scale_min         | 0.585                          |
| joint_kernel_mode              | exact_deterministic_ggn_2b     |
| joint_linear_solve_dtype       | torch.float64                  |
| joint_normalized_value_pred... | 0.00113                        |
| joint_optimizer_state_entries  | 26                             |
| joint_parameter_columns        | 9.39e+05                       |
| joint_policy_delta_l2          | 0.0014                         |
| joint_popart_std               | 1.16                           |
| joint_predicted_critic_dive... | 2.53e-06                       |
| joint_predicted_step_kl        | 0.000142                       |
| joint_raw_value_prediction_... | 0.00131                        |
| joint_relative_solve_residual  | 2.6e-15                        |
| joint_shared_delta_l2          | 0.00142                        |
| joint_solve_residual           | 4.91e-13                       |
| joint_solver_mode              | symmetrized_jacobi_fullfp64... |
| joint_system_rows              | 1.02e+03                       |
| joint_value_delta_l2           | 0.000183                       |
| kl                             | 0.00866                        |
| loss_pi                        | -0.00579                       |
| loss_v                         | 0.168                          |
| lr                             | 0.004                          |
| misc/nupdates                  | 489                            |
| misc/serial_timesteps          | 2.01e+06                       |
| misc/time_elapsed              | 9.18e+03                       |
| misc/total_timesteps           | 2.01e+06                       |
| optimizer_history_correction   | 1                              |
| optimizer_momentum             | 1e-06                          |
| optimizer_momentum_semantics   | paper_sgd_momentum_1e-6        |
| ratio_max                      | 1.95                           |
| ratio_min                      | 0.572                          |
| ret_avg                        | 0.158                          |
| ret_max                        | 8.91                           |
| ret_med                        | -0.47                          |
| ret_min                        | -0.566                         |
| ret_var                        | 1.28                           |
-------------------------------------------------------------------
