Setting seed: 0
Logging to logs/shared.adv.resnet.dropout_0.0.damping_0.5.lr_0.004/bigfish-easy-0-10.20260826-170520_0
creating environment
Running on device: cuda:0
training...

Number of parameters: 938979.0

--------------------------------------------
| action_max                    | 14       |
| action_min                    | 0        |
| adv_avg                       | 0.000318 |
| adv_max                       | 5.32     |
| adv_med                       | -0.571   |
| adv_min                       | -0.571   |
| adv_var                       | 1        |
| clipfrac                      | 0.156    |
| curr_lr                       | 0.001    |
| entropy                       | 2.7      |
| eplenmean                     | 94.6     |
| eprewmean                     | 1.19     |
| fps                           | 352      |
| grad_norm                     | 0.562    |
| joint_optimizer_state_entries | 0        |
| kl                            | 0.011    |
| loss_pi                       | -0.00882 |
| loss_v                        | 0.842    |
| lr                            | 0.001    |
| misc/nupdates                 | 0        |
| misc/serial_timesteps         | 4.1e+03  |
| misc/time_elapsed             | 11.6     |
| misc/total_timesteps          | 4.1e+03  |
| ratio_max                     | 1.53     |
| ratio_min                     | 0.634    |
| ret_avg                       | 3.35e-08 |
| ret_max                       | 5.32     |
| ret_med                       | -0.571   |
| ret_min                       | -0.571   |
| ret_var                       | 1        |
--------------------------------------------
------------------------------------------------------------------
| action_max                    | 14                             |
| action_min                    | 0                              |
| adv_avg                       | -0.353                         |
| adv_max                       | 4.73                           |
| adv_med                       | -0.743                         |
| adv_min                       | -2.05                          |
| adv_var                       | 0.81                           |
| clipfrac                      | 0                              |
| critic_ratio_max              | 1                              |
| critic_ratio_min              | 1                              |
| critic_rows                   | 512                            |
| curr_lr                       | 0.004                          |
| entropy                       | 2.7                            |
| eplenmean                     | 120                            |
| eprewmean                     | 1.61                           |
| fps                           | 233                            |
| grad_norm                     | 0.464                          |
| joint_actor_fisher_quadratic  | 0.11                           |
| joint_actor_raw_scale         | 72.9                           |
| joint_applied_solve_residual  | 6.58e-14                       |
| joint_cholesky_info_max       | 0                              |
| joint_clip_scale              | 1                              |
| joint_critic_curvature_coef   | 0.1                            |
| joint_critic_ggn_quadratic    | 7.56                           |
| joint_critic_objective_coef   | 1                              |
| joint_critic_raw_scale        | 159                            |
| joint_cross_block_frobenius   | 9.2                            |
| joint_direction_l2            | 0.464                          |
| joint_finite_scan_pass        | 1                              |
| joint_jacobi_scale_max        | 1.41                           |
| joint_jacobi_scale_min        | 1.1                            |
| joint_kernel_mode             | exact_deterministic_ggn_2b     |
| joint_linear_solve_dtype      | torch.float64                  |
| joint_optimizer_state_entries | 26                             |
| joint_predicted_step_kl       | 8.78e-07                       |
| joint_relative_solve_residual | 8.97e-16                       |
| joint_solve_residual          | 6.54e-14                       |
| joint_solver_mode             | symmetrized_jacobi_fullfp64... |
| joint_system_rows             | 1.02e+03                       |
| kl                            | 0.000319                       |
| loss_pi                       | -0.00184                       |
| loss_v                        | 0.853                          |
| lr                            | 0.006                          |
| misc/nupdates                 | 1                              |
| misc/serial_timesteps         | 8.19e+03                       |
| misc/time_elapsed             | 29.4                           |
| misc/total_timesteps          | 8.19e+03                       |
| optimizer_history_correction  | 1                              |
| optimizer_momentum            | 1e-06                          |
| optimizer_momentum_semantics  | paper_sgd_momentum_1e-6        |
| ratio_max                     | 1.12                           |
| ratio_min                     | 0.88                           |
| ret_avg                       | 0.274                          |
| ret_max                       | 5.59                           |
| ret_med                       | -0.0588                        |
| ret_min                       | -0.83                          |
| ret_var                       | 0.903                          |
------------------------------------------------------------------
------------------------------------------------------------------
| action_max                    | 14                             |
| action_min                    | 0                              |
| adv_avg                       | -0.654                         |
| adv_max                       | 5.82                           |
| adv_med                       | -0.959                         |
| adv_min                       | -2.58                          |
| adv_var                       | 0.805                          |
| clipfrac                      | 0                              |
| critic_ratio_max              | 1                              |
| critic_ratio_min              | 1                              |
| critic_rows                   | 512                            |
| curr_lr                       | 0.006                          |
| entropy                       | 2.69                           |
| eplenmean                     | 123                            |
| eprewmean                     | 1.55                           |
| fps                           | 251                            |
| grad_norm                     | 0.486                          |
| joint_actor_fisher_quadratic  | 0.155                          |
| joint_actor_raw_scale         | 81.3                           |
| joint_applied_solve_residual  | 7.53e-14                       |
| joint_cholesky_info_max       | 0                              |
| joint_clip_scale              | 1                              |
| joint_critic_curvature_coef   | 0.1                            |
| joint_critic_ggn_quadratic    | 1.86                           |
| joint_critic_objective_coef   | 1                              |
| joint_critic_raw_scale        | 208                            |
| joint_cross_block_frobenius   | 12.1                           |
| joint_direction_l2            | 0.486                          |
| joint_finite_scan_pass        | 1                              |
| joint_jacobi_scale_max        | 1.41                           |
| joint_jacobi_scale_min        | 1.04                           |
| joint_kernel_mode             | exact_deterministic_ggn_2b     |
| joint_linear_solve_dtype      | torch.float64                  |
| joint_optimizer_state_entries | 26                             |
| joint_predicted_step_kl       | 2.79e-06                       |
| joint_relative_solve_residual | 1.05e-15                       |
| joint_solve_residual          | 7.95e-14                       |
| joint_solver_mode             | symmetrized_jacobi_fullfp64... |
| joint_system_rows             | 1.02e+03                       |
| kl                            | 0.00121                        |
| loss_pi                       | -0.00508                       |
| loss_v                        | 0.858                          |
| lr                            | 0.009                          |
| misc/nupdates                 | 2                              |
| misc/serial_timesteps         | 1.23e+04                       |
| misc/time_elapsed             | 45.7                           |
| misc/total_timesteps          | 1.23e+04                       |
| optimizer_history_correction  | 1                              |
| optimizer_momentum            | 1e-06                          |
| optimizer_momentum_semantics  | paper_sgd_momentum_1e-6        |
| ratio_max                     | 1.15                           |
| ratio_min                     | 0.906                          |
| ret_avg                       | 0.362                          |
| ret_max                       | 6.85                           |
| ret_med                       | 0.2                            |
| ret_min                       | -0.97                          |
| ret_var                       | 0.996                          |
------------------------------------------------------------------
