/mnt/iusers01/fatpou01/compsci01/h99859yz/.RLvenv/lib64/python3.9/site-packages/torchvision/transforms/_functional_pil.py:242: DeprecationWarning: BILINEAR is deprecated and will be removed in Pillow 10 (2023-07-01). Use Resampling.BILINEAR instead.
  interpolation: int = Image.BILINEAR,
/mnt/iusers01/fatpou01/compsci01/h99859yz/.RLvenv/lib64/python3.9/site-packages/torchvision/transforms/_functional_pil.py:288: DeprecationWarning: NEAREST is deprecated and will be removed in Pillow 10 (2023-07-01). Use Resampling.NEAREST or Dither.NONE instead.
  interpolation: int = Image.NEAREST,
/mnt/iusers01/fatpou01/compsci01/h99859yz/.RLvenv/lib64/python3.9/site-packages/torchvision/transforms/_functional_pil.py:321: DeprecationWarning: BICUBIC is deprecated and will be removed in Pillow 10 (2023-07-01). Use Resampling.BICUBIC instead.
  interpolation: int = Image.BICUBIC,
Traceback (most recent call last):
  File "/scratch/h99859yz/procgen_full_shared_joint2b_scale_recovery_6m_s0_20260826_39/frozen/preflight_full_shared_joint2b_scale_recovery.py", line 172, in <module>
    main()
  File "/scratch/h99859yz/procgen_full_shared_joint2b_scale_recovery_6m_s0_20260826_39/frozen/preflight_full_shared_joint2b_scale_recovery.py", line 53, in main
    model = SharedActorCritic(fn, (3, 64, 64), nets_config=ncfg, n_actions=15,
  File "/net/scratch/h99859yz/procgen_full_shared_joint2b_scale_recovery_6m_s0_20260826_39/bundle/code/utils/utils.py", line 395, in __init__
    self.backbone_net = fn_embed_net()
  File "/net/scratch/h99859yz/procgen_full_shared_joint2b_scale_recovery_6m_s0_20260826_39/bundle/code/utils/utils.py", line 117, in <lambda>
    return lambda x=None, y=None: ResNetImpala(img_size, emb_size, **kwargs), preprocess
  File "/net/scratch/h99859yz/procgen_full_shared_joint2b_scale_recovery_6m_s0_20260826_39/bundle/code/utils/resnet.py", line 41, in __init__
    flat_size = torch.flatten(self.conv_layers(torch.ones((1, 3, img_size, img_size)))).shape[0]
  File "/mnt/iusers01/fatpou01/compsci01/h99859yz/.RLvenv/lib64/python3.9/site-packages/torch/nn/modules/module.py", line 1736, in _wrapped_call_impl
    return self._call_impl(*args, **kwargs)
  File "/mnt/iusers01/fatpou01/compsci01/h99859yz/.RLvenv/lib64/python3.9/site-packages/torch/nn/modules/module.py", line 1747, in _call_impl
    return forward_call(*args, **kwargs)
  File "/mnt/iusers01/fatpou01/compsci01/h99859yz/.RLvenv/lib64/python3.9/site-packages/torch/nn/modules/container.py", line 250, in forward
    input = module(input)
  File "/mnt/iusers01/fatpou01/compsci01/h99859yz/.RLvenv/lib64/python3.9/site-packages/torch/nn/modules/module.py", line 1736, in _wrapped_call_impl
    return self._call_impl(*args, **kwargs)
  File "/mnt/iusers01/fatpou01/compsci01/h99859yz/.RLvenv/lib64/python3.9/site-packages/torch/nn/modules/module.py", line 1747, in _call_impl
    return forward_call(*args, **kwargs)
  File "/mnt/iusers01/fatpou01/compsci01/h99859yz/.RLvenv/lib64/python3.9/site-packages/torch/nn/modules/pooling.py", line 213, in forward
    return F.max_pool2d(
  File "/mnt/iusers01/fatpou01/compsci01/h99859yz/.RLvenv/lib64/python3.9/site-packages/torch/_jit_internal.py", line 624, in fn
    return if_false(*args, **kwargs)
  File "/mnt/iusers01/fatpou01/compsci01/h99859yz/.RLvenv/lib64/python3.9/site-packages/torch/nn/functional.py", line 830, in _max_pool2d
    return torch.max_pool2d(input, kernel_size, stride, padding, dilation, ceil_mode)
RuntimeError: Given input size: (16x1x1). Calculated output size: (16x0x0). Output size is too small
