| eplenmean                      | 412                            |
| eprewmean                      | 3.9                            |
| fps                            | 170                            |
| grad_norm                      | 1.12                           |
| joint_actor_critic_cross_fr... | 164                            |
| joint_actor_fisher_quadratic   | 4.7                            |
| joint_actor_raw_scale          | 254                            |
| joint_actor_rhs_norm           | 22.6                           |
| joint_applied_solve_residual   | 1.36e-13                       |
| joint_cholesky_info_max        | 0                              |
| joint_clip_scale               | 0.447                          |
| joint_critic_actor_cross_fr... | 164                            |
| joint_critic_ggn_quadratic     | 2.63                           |
| joint_critic_objective_coef    | 1                              |
| joint_critic_raw_scale         | 535                            |
| joint_critic_rhs_norm          | 7.69                           |
| joint_cross_block_frobenius    | 164                            |
| joint_direction_l2             | 1.12                           |
| joint_finite_scan_pass         | 1                              |
| joint_jacobi_scale_max         | 1.41                           |
| joint_jacobi_scale_min         | 0.913                          |
| joint_kernel_mode              | exact_deterministic_ggn_2b     |
| joint_linear_solve_dtype       | torch.float64                  |
| joint_normalized_value_pred... | 0.0029                         |
| joint_optimizer_state_entries  | 26                             |
| joint_parameter_columns        | 9.39e+05                       |
| joint_policy_delta_l2          | 0.00155                        |
| joint_popart_std               | 1.8                            |
| joint_predicted_critic_dive... | 1.68e-05                       |
| joint_predicted_step_kl        | 7.5e-06                        |
| joint_raw_value_prediction_... | 0.00523                        |
| joint_relative_solve_residual  | 7.39e-16                       |
| joint_shared_delta_l2          | 0.00114                        |
| joint_solve_residual           | 1.43e-13                       |
| joint_solver_mode              | symmetrized_jacobi_fullfp64... |
| joint_system_rows              | 1.02e+03                       |
| joint_value_delta_l2           | 0.000569                       |
| kl                             | 0.00209                        |
| loss_pi                        | -0.0114                        |
| loss_v                         | 0.116                          |
| lr                             | 0.004                          |
| misc/nupdates                  | 469                            |
| misc/serial_timesteps          | 1.93e+06                       |
| misc/time_elapsed              | 8.6e+03                        |
| misc/total_timesteps           | 1.93e+06                       |
| optimizer_history_correction   | 1                              |
| optimizer_momentum             | 1e-06                          |
| optimizer_momentum_semantics   | paper_sgd_momentum_1e-6        |
| ratio_max                      | 1.51                           |
| ratio_min                      | 0.795                          |
| ret_avg                        | 0.147                          |
| ret_max                        | 4.79                           |
| ret_med                        | -0.301                         |
| ret_min                        | -0.801                         |
| ret_var                        | 1.18                           |
-------------------------------------------------------------------
-------------------------------------------------------------------
| action_max                     | 14                             |
| action_min                     | 0                              |
| adv_avg                        | -0.794                         |
| adv_max                        | 0.788                          |
| adv_med                        | -0.81                          |
| adv_min                        | -2.04                          |
| adv_var                        | 0.0489                         |
| clipfrac                       | 0                              |
| critic_ratio_max               | 1                              |
| critic_ratio_min               | 1                              |
| critic_rows                    | 512                            |
| critic_trust_reason            | BELOW_0P005_DIVIDE_1P5         |
| critic_trust_update_count_t... | 357                            |
| curr_lr                        | 0.004                          |
| entropy                        | 2.04                           |
| eplenmean                      | 265                            |
| eprewmean                      | 4.5                            |
| fps                            | 171                            |
| grad_norm                      | 1.34                           |
| joint_actor_critic_cross_fr... | 171                            |
| joint_actor_fisher_quadratic   | 8.78                           |
| joint_actor_raw_scale          | 317                            |
| joint_actor_rhs_norm           | 22.6                           |
| joint_applied_solve_residual   | 1.55e-13                       |
| joint_cholesky_info_max        | 0                              |
| joint_clip_scale               | 0.373                          |
| joint_critic_actor_cross_fr... | 171                            |
| joint_critic_ggn_quadratic     | 0.983                          |
| joint_critic_objective_coef    | 1                              |
| joint_critic_raw_scale         | 464                            |
| joint_critic_rhs_norm          | 4.35                           |
| joint_cross_block_frobenius    | 171                            |
| joint_direction_l2             | 1.34                           |
| joint_finite_scan_pass         | 1                              |
| joint_jacobi_scale_max         | 1.41                           |
| joint_jacobi_scale_min         | 0.845                          |
| joint_kernel_mode              | exact_deterministic_ggn_2b     |
| joint_linear_solve_dtype       | torch.float64                  |
| joint_normalized_value_pred... | 0.00148                        |
| joint_optimizer_state_entries  | 26                             |
| joint_parameter_columns        | 9.39e+05                       |
| joint_policy_delta_l2          | 0.00157                        |
| joint_popart_std               | 1.81                           |
| joint_predicted_critic_dive... | 4.39e-06                       |
| joint_predicted_step_kl        | 9.79e-06                       |
| joint_raw_value_prediction_... | 0.00268                        |
| joint_relative_solve_residual  | 8.54e-16                       |
| joint_shared_delta_l2          | 0.00112                        |
| joint_solve_residual           | 1.5e-13                        |
| joint_solver_mode              | symmetrized_jacobi_fullfp64... |
| joint_system_rows              | 1.02e+03                       |
| joint_value_delta_l2           | 0.000511                       |
| kl                             | 0.00181                        |
| loss_pi                        | -0.006                         |
| loss_v                         | 0.037                          |
| lr                             | 0.004                          |
| misc/nupdates                  | 479                            |
| misc/serial_timesteps          | 1.97e+06                       |
| misc/time_elapsed              | 8.85e+03                       |
| misc/total_timesteps           | 1.97e+06                       |
| optimizer_history_correction   | 1                              |
| optimizer_momentum             | 1e-06                          |
| optimizer_momentum_semantics   | paper_sgd_momentum_1e-6        |
| ratio_max                      | 1.43                           |
| ratio_min                      | 0.732                          |
| ret_avg                        | 0.195                          |
| ret_max                        | 4.99                           |
| ret_med                        | -0.341                         |
| ret_min                        | -0.801                         |
| ret_var                        | 1.56                           |
-------------------------------------------------------------------
-------------------------------------------------------------------
| action_max                     | 14                             |
| action_min                     | 0                              |
| adv_avg                        | -0.81                          |
| adv_max                        | 1.48                           |
| adv_med                        | -0.821                         |
| adv_min                        | -2.03                          |
| adv_var                        | 0.0643                         |
| clipfrac                       | 0                              |
| critic_ratio_max               | 1                              |
| critic_ratio_min               | 1                              |
| critic_rows                    | 512                            |
| critic_trust_reason            | IN_BAND_UNCHANGED              |
| critic_trust_update_count_t... | 367                            |
| curr_lr                        | 0.004                          |
| entropy                        | 1.85                           |
| eplenmean                      | 402                            |
| eprewmean                      | 3.94                           |
| fps                            | 172                            |
| grad_norm                      | 1.73                           |
| joint_actor_critic_cross_fr... | 197                            |
| joint_actor_fisher_quadratic   | 11.3                           |
| joint_actor_raw_scale          | 300                            |
| joint_actor_rhs_norm           | 22.6                           |
| joint_applied_solve_residual   | 1.29e-13                       |
| joint_cholesky_info_max        | 0                              |
| joint_clip_scale               | 0.289                          |
| joint_critic_actor_cross_fr... | 197                            |
| joint_critic_ggn_quadratic     | 0.794                          |
| joint_critic_objective_coef    | 1                              |
| joint_critic_raw_scale         | 556                            |
| joint_critic_rhs_norm          | 6.06                           |
| joint_cross_block_frobenius    | 197                            |
| joint_direction_l2             | 1.73                           |
| joint_finite_scan_pass         | 1                              |
| joint_jacobi_scale_max         | 1.41                           |
| joint_jacobi_scale_min         | 0.734                          |
| joint_kernel_mode              | exact_deterministic_ggn_2b     |
| joint_linear_solve_dtype       | torch.float64                  |
| joint_normalized_value_pred... | 0.00103                        |
| joint_optimizer_state_entries  | 26                             |
| joint_parameter_columns        | 9.39e+05                       |
| joint_policy_delta_l2          | 0.0017                         |
| joint_popart_std               | 1.81                           |
| joint_predicted_critic_dive... | 2.13e-06                       |
| joint_predicted_step_kl        | 7.54e-06                       |
| joint_raw_value_prediction_... | 0.00187                        |
| joint_relative_solve_residual  | 7.03e-16                       |
| joint_shared_delta_l2          | 0.00101                        |
| joint_solve_residual           | 1.33e-13                       |
| joint_solver_mode              | symmetrized_jacobi_fullfp64... |
| joint_system_rows              | 1.02e+03                       |
| joint_value_delta_l2           | 0.000278                       |
| kl                             | 0.00173                        |
| loss_pi                        | -0.00887                       |
| loss_v                         | 0.0717                         |
| lr                             | 0.004                          |
| misc/nupdates                  | 489                            |
| misc/serial_timesteps          | 2.01e+06                       |
| misc/time_elapsed              | 9.08e+03                       |
| misc/total_timesteps           | 2.01e+06                       |
| optimizer_history_correction   | 1                              |
| optimizer_momentum             | 1e-06                          |
| optimizer_momentum_semantics   | paper_sgd_momentum_1e-6        |
| ratio_max                      | 1.26                           |
| ratio_min                      | 0.736                          |
| ret_avg                        | 0.303                          |
| ret_max                        | 4.79                           |
| ret_med                        | 0.134                          |
| ret_min                        | -0.804                         |
| ret_var                        | 0.964                          |
-------------------------------------------------------------------
