/mnt/iusers01/fatpou01/compsci01/h99859yz/.RLvenv/lib64/python3.9/site-packages/torchvision/transforms/_functional_pil.py:242: DeprecationWarning: BILINEAR is deprecated and will be removed in Pillow 10 (2023-07-01). Use Resampling.BILINEAR instead.
  interpolation: int = Image.BILINEAR,
/mnt/iusers01/fatpou01/compsci01/h99859yz/.RLvenv/lib64/python3.9/site-packages/torchvision/transforms/_functional_pil.py:288: DeprecationWarning: NEAREST is deprecated and will be removed in Pillow 10 (2023-07-01). Use Resampling.NEAREST or Dither.NONE instead.
  interpolation: int = Image.NEAREST,
/mnt/iusers01/fatpou01/compsci01/h99859yz/.RLvenv/lib64/python3.9/site-packages/torchvision/transforms/_functional_pil.py:321: DeprecationWarning: BICUBIC is deprecated and will be removed in Pillow 10 (2023-07-01). Use Resampling.BICUBIC instead.
  interpolation: int = Image.BICUBIC,
Traceback (most recent call last):
  File "/scratch/h99859yz/procgen_full_shared_joint2b_manifest_oracle_recovery_6m_s0_20260826_41/frozen/preflight_full_shared_joint2b_manifest_oracle_recovery.py", line 293, in <module>
    main()
  File "/scratch/h99859yz/procgen_full_shared_joint2b_manifest_oracle_recovery_6m_s0_20260826_41/frozen/preflight_full_shared_joint2b_manifest_oracle_recovery.py", line 180, in main
    actor_tree = vmap(grad(logp_one), in_dims=(None, None, 0, 0), randomness="different")(
  File "/mnt/iusers01/fatpou01/compsci01/h99859yz/.RLvenv/lib64/python3.9/site-packages/torch/_functorch/apis.py", line 203, in wrapped
    return vmap_impl(
  File "/mnt/iusers01/fatpou01/compsci01/h99859yz/.RLvenv/lib64/python3.9/site-packages/torch/_functorch/vmap.py", line 331, in vmap_impl
    return _flat_vmap(
  File "/mnt/iusers01/fatpou01/compsci01/h99859yz/.RLvenv/lib64/python3.9/site-packages/torch/_functorch/vmap.py", line 479, in _flat_vmap
    batched_outputs = func(*batched_inputs, **kwargs)
  File "/mnt/iusers01/fatpou01/compsci01/h99859yz/.RLvenv/lib64/python3.9/site-packages/torch/_functorch/apis.py", line 399, in wrapper
    return eager_transforms.grad_impl(func, argnums, has_aux, args, kwargs)
  File "/mnt/iusers01/fatpou01/compsci01/h99859yz/.RLvenv/lib64/python3.9/site-packages/torch/_functorch/eager_transforms.py", line 1449, in grad_impl
    results = grad_and_value_impl(func, argnums, has_aux, args, kwargs)
  File "/mnt/iusers01/fatpou01/compsci01/h99859yz/.RLvenv/lib64/python3.9/site-packages/torch/_functorch/vmap.py", line 48, in fn
    return f(*args, **kwargs)
  File "/mnt/iusers01/fatpou01/compsci01/h99859yz/.RLvenv/lib64/python3.9/site-packages/torch/_functorch/eager_transforms.py", line 1407, in grad_and_value_impl
    output = func(*args, **kwargs)
  File "/scratch/h99859yz/procgen_full_shared_joint2b_manifest_oracle_recovery_6m_s0_20260826_41/frozen/preflight_full_shared_joint2b_manifest_oracle_recovery.py", line 174, in logp_one
    return torch.log_softmax(logits, -1)[0, action]
RuntimeError: vmap: It looks like you're either (1) calling .item() on a Tensor or (2) attempting to use a Tensor in some data-dependent control flow or (3) encountering this error in PyTorch internals. For (1): we don't support vmap over calling .item() on a Tensor, please try to rewrite what you're doing with other operations. For (2): If you're doing some control flow instead, we don't support that yet, please shout over at https://github.com/pytorch/functorch/issues/257 . For (3): please file an issue.
