| grad_norm                     | 0.411                          |
| joint_actor_fisher_quadratic  | 4.46                           |
| joint_actor_raw_scale         | 4.27e+03                       |
| joint_applied_solve_residual  | 2.08e-13                       |
| joint_cholesky_info_max       | 0                              |
| joint_clip_scale              | 1                              |
| joint_critic_curvature_coef   | 0.1                            |
| joint_critic_ggn_quadratic    | 1.16                           |
| joint_critic_objective_coef   | 1                              |
| joint_critic_raw_scale        | 6.14e+03                       |
| joint_cross_block_frobenius   | 124                            |
| joint_direction_l2            | 0.411                          |
| joint_finite_scan_pass        | 1                              |
| joint_jacobi_scale_max        | 1.41                           |
| joint_jacobi_scale_min        | 0.0958                         |
| joint_kernel_mode             | exact_deterministic_ggn_2b     |
| joint_linear_solve_dtype      | torch.float64                  |
| joint_optimizer_state_entries | 26                             |
| joint_predicted_step_kl       | 8.02e-05                       |
| joint_relative_solve_residual | 3.81e-15                       |
| joint_solve_residual          | 2.07e-13                       |
| joint_solver_mode             | symmetrized_jacobi_fullfp64... |
| joint_system_rows             | 1.02e+03                       |
| kl                            | 0.0142                         |
| loss_pi                       | -0.0147                        |
| loss_v                        | 0.0374                         |
| lr                            | 0.006                          |
| misc/nupdates                 | 1.44e+03                       |
| misc/serial_timesteps         | 5.9e+06                        |
| misc/time_elapsed             | 2.19e+04                       |
| misc/total_timesteps          | 5.9e+06                        |
| optimizer_history_correction  | 1                              |
| optimizer_momentum            | 1e-06                          |
| optimizer_momentum_semantics  | paper_sgd_momentum_1e-6        |
| ratio_max                     | 1.54                           |
| ratio_min                     | 0.125                          |
| ret_avg                       | 0.174                          |
| ret_max                       | 3.27                           |
| ret_med                       | -0.089                         |
| ret_min                       | -1.16                          |
| ret_var                       | 0.775                          |
------------------------------------------------------------------
------------------------------------------------------------------
| action_max                    | 14                             |
| action_min                    | 0                              |
| adv_avg                       | -1.15                          |
| adv_max                       | -0.311                         |
| adv_med                       | -1.13                          |
| adv_min                       | -2.01                          |
| adv_var                       | 0.0263                         |
| clipfrac                      | 0                              |
| critic_ratio_max              | 1                              |
| critic_ratio_min              | 1                              |
| critic_rows                   | 512                            |
| curr_lr                       | 0.006                          |
| entropy                       | 0.676                          |
| eplenmean                     | 299                            |
| eprewmean                     | 8.22                           |
| fps                           | 249                            |
| grad_norm                     | 0.478                          |
| joint_actor_fisher_quadratic  | 3.43                           |
| joint_actor_raw_scale         | 4.63e+03                       |
| joint_applied_solve_residual  | 1.64e-13                       |
| joint_cholesky_info_max       | 0                              |
| joint_clip_scale              | 1                              |
| joint_critic_curvature_coef   | 0.1                            |
| joint_critic_ggn_quadratic    | 0.827                          |
| joint_critic_objective_coef   | 1                              |
| joint_critic_raw_scale        | 5.19e+03                       |
| joint_cross_block_frobenius   | 106                            |
| joint_direction_l2            | 0.478                          |
| joint_finite_scan_pass        | 1                              |
| joint_jacobi_scale_max        | 1.41                           |
| joint_jacobi_scale_min        | 0.0691                         |
| joint_kernel_mode             | exact_deterministic_ggn_2b     |
| joint_linear_solve_dtype      | torch.float64                  |
| joint_optimizer_state_entries | 26                             |
| joint_predicted_step_kl       | 6.17e-05                       |
| joint_relative_solve_residual | 3.45e-15                       |
| joint_solve_residual          | 1.55e-13                       |
| joint_solver_mode             | symmetrized_jacobi_fullfp64... |
| joint_system_rows             | 1.02e+03                       |
| kl                            | 0.0192                         |
| loss_pi                       | -0.0389                        |
| loss_v                        | 0.0194                         |
| lr                            | 0.006                          |
| misc/nupdates                 | 1.45e+03                       |
| misc/serial_timesteps         | 5.94e+06                       |
| misc/time_elapsed             | 2.21e+04                       |
| misc/total_timesteps          | 5.94e+06                       |
| optimizer_history_correction  | 1                              |
| optimizer_momentum            | 1e-06                          |
| optimizer_momentum_semantics  | paper_sgd_momentum_1e-6        |
| ratio_max                     | 1.99                           |
| ratio_min                     | 0.388                          |
| ret_avg                       | -0.192                         |
| ret_max                       | 2.71                           |
| ret_med                       | -0.458                         |
| ret_min                       | -1.14                          |
| ret_var                       | 0.631                          |
------------------------------------------------------------------
------------------------------------------------------------------
| action_max                    | 14                             |
| action_min                    | 0                              |
| adv_avg                       | -1.13                          |
| adv_max                       | -0.44                          |
| adv_med                       | -1.13                          |
| adv_min                       | -1.97                          |
| adv_var                       | 0.0231                         |
| clipfrac                      | 0                              |
| critic_ratio_max              | 1                              |
| critic_ratio_min              | 1                              |
| critic_rows                   | 512                            |
| curr_lr                       | 0.004                          |
| entropy                       | 0.62                           |
| eplenmean                     | 310                            |
| eprewmean                     | 10.6                           |
| fps                           | 250                            |
| grad_norm                     | 0.474                          |
| joint_actor_fisher_quadratic  | 2.86                           |
| joint_actor_raw_scale         | 4.31e+03                       |
| joint_applied_solve_residual  | 1.77e-13                       |
| joint_cholesky_info_max       | 0                              |
| joint_clip_scale              | 1                              |
| joint_critic_curvature_coef   | 0.1                            |
| joint_critic_ggn_quadratic    | 0.442                          |
| joint_critic_objective_coef   | 1                              |
| joint_critic_raw_scale        | 5.18e+03                       |
| joint_cross_block_frobenius   | 130                            |
| joint_direction_l2            | 0.474                          |
| joint_finite_scan_pass        | 1                              |
| joint_jacobi_scale_max        | 1.41                           |
| joint_jacobi_scale_min        | 0.0706                         |
| joint_kernel_mode             | exact_deterministic_ggn_2b     |
| joint_linear_solve_dtype      | torch.float64                  |
| joint_optimizer_state_entries | 26                             |
| joint_predicted_step_kl       | 2.28e-05                       |
| joint_relative_solve_residual | 3.97e-15                       |
| joint_solve_residual          | 1.76e-13                       |
| joint_solver_mode             | symmetrized_jacobi_fullfp64... |
| joint_system_rows             | 1.02e+03                       |
| kl                            | 0.00814                        |
| loss_pi                       | 0.0012                         |
| loss_v                        | 0.0134                         |
| lr                            | 0.004                          |
| misc/nupdates                 | 1.46e+03                       |
| misc/serial_timesteps         | 5.98e+06                       |
| misc/time_elapsed             | 2.23e+04                       |
| misc/total_timesteps          | 5.98e+06                       |
| optimizer_history_correction  | 1                              |
| optimizer_momentum            | 1e-06                          |
| optimizer_momentum_semantics  | paper_sgd_momentum_1e-6        |
| ratio_max                     | 1.88                           |
| ratio_min                     | 0.544                          |
| ret_avg                       | -0.115                         |
| ret_max                       | 2.94                           |
| ret_med                       | -0.388                         |
| ret_min                       | -1.14                          |
| ret_var                       | 0.707                          |
------------------------------------------------------------------
