| joint_relative_solve_residual | 2.57e-14                       |
| joint_solve_residual          | 3.87e-12                       |
| joint_solver_mode             | symmetrized_jacobi_fullfp64... |
| joint_system_rows             | 1.02e+03                       |
| kl                            | 0.0951                         |
| loss_pi                       | -0.014                         |
| loss_v                        | 0.0778                         |
| lr                            | 0.0001                         |
| misc/nupdates                 | 1.43e+03                       |
| misc/serial_timesteps         | 5.86e+06                       |
| misc/time_elapsed             | 2.18e+04                       |
| misc/total_timesteps          | 5.86e+06                       |
| optimizer_history_correction  | 1                              |
| optimizer_momentum            | 1e-06                          |
| optimizer_momentum_semantics  | paper_sgd_momentum_1e-6        |
| ratio_max                     | 4.67                           |
| ratio_min                     | 0.1                            |
| ret_avg                       | 0.526                          |
| ret_max                       | 0.885                          |
| ret_med                       | 0.613                          |
| ret_min                       | -2.78                          |
| ret_var                       | 0.134                          |
------------------------------------------------------------------
------------------------------------------------------------------
| action_max                    | 14                             |
| action_min                    | 5                              |
| adv_avg                       | -2.81                          |
| adv_max                       | -1.1                           |
| adv_med                       | -2.77                          |
| adv_min                       | -6.23                          |
| adv_var                       | 0.101                          |
| clipfrac                      | 0                              |
| critic_ratio_max              | 1                              |
| critic_ratio_min              | 1                              |
| critic_rows                   | 512                            |
| curr_lr                       | 0.000225                       |
| entropy                       | 0.192                          |
| eplenmean                     | 68                             |
| eprewmean                     | 9.2                            |
| fps                           | 251                            |
| grad_norm                     | 0.431                          |
| joint_actor_fisher_quadratic  | 2.17                           |
| joint_actor_raw_scale         | 2.26e+04                       |
| joint_applied_solve_residual  | 3.5e-12                        |
| joint_cholesky_info_max       | 0                              |
| joint_clip_scale              | 1                              |
| joint_critic_curvature_coef   | 0.1                            |
| joint_critic_ggn_quadratic    | 4.81                           |
| joint_critic_objective_coef   | 1                              |
| joint_critic_raw_scale        | 4.95e+04                       |
| joint_cross_block_frobenius   | 1.64e+03                       |
| joint_direction_l2            | 0.431                          |
| joint_finite_scan_pass        | 1                              |
| joint_jacobi_scale_max        | 1.41                           |
| joint_jacobi_scale_min        | 0.0366                         |
| joint_kernel_mode             | exact_deterministic_ggn_2b     |
| joint_linear_solve_dtype      | torch.float64                  |
| joint_optimizer_state_entries | 26                             |
| joint_predicted_step_kl       | 5.49e-08                       |
| joint_relative_solve_residual | 7.63e-14                       |
| joint_solve_residual          | 3.39e-12                       |
| joint_solver_mode             | symmetrized_jacobi_fullfp64... |
| joint_system_rows             | 1.02e+03                       |
| kl                            | 0.0782                         |
| loss_pi                       | -0.0364                        |
| loss_v                        | 0.0679                         |
| lr                            | 0.00015                        |
| misc/nupdates                 | 1.44e+03                       |
| misc/serial_timesteps         | 5.9e+06                        |
| misc/time_elapsed             | 2.2e+04                        |
| misc/total_timesteps          | 5.9e+06                        |
| optimizer_history_correction  | 1                              |
| optimizer_momentum            | 1e-06                          |
| optimizer_momentum_semantics  | paper_sgd_momentum_1e-6        |
| ratio_max                     | 3.01                           |
| ratio_min                     | 0.1                            |
| ret_avg                       | 0.51                           |
| ret_max                       | 0.855                          |
| ret_med                       | 0.622                          |
| ret_min                       | -2.79                          |
| ret_var                       | 0.243                          |
------------------------------------------------------------------
------------------------------------------------------------------
| action_max                    | 14                             |
| action_min                    | 5                              |
| adv_avg                       | -2.79                          |
| adv_max                       | -1.46                          |
| adv_med                       | -2.78                          |
| adv_min                       | -5.69                          |
| adv_var                       | 0.089                          |
| clipfrac                      | 0                              |
| critic_ratio_max              | 1                              |
| critic_ratio_min              | 1                              |
| critic_rows                   | 512                            |
| curr_lr                       | 0.00015                        |
| entropy                       | 0.174                          |
| eplenmean                     | 68.7                           |
| eprewmean                     | 9.4                            |
| fps                           | 250                            |
| grad_norm                     | 0.524                          |
| joint_actor_fisher_quadratic  | 9.15                           |
| joint_actor_raw_scale         | 2.07e+04                       |
| joint_applied_solve_residual  | 3.02e-12                       |
| joint_cholesky_info_max       | 0                              |
| joint_clip_scale              | 0.955                          |
| joint_critic_curvature_coef   | 0.1                            |
| joint_critic_ggn_quadratic    | 12.9                           |
| joint_critic_objective_coef   | 1                              |
| joint_critic_raw_scale        | 4.18e+04                       |
| joint_cross_block_frobenius   | 792                            |
| joint_direction_l2            | 0.524                          |
| joint_finite_scan_pass        | 1                              |
| joint_jacobi_scale_max        | 1.41                           |
| joint_jacobi_scale_min        | 0.0355                         |
| joint_kernel_mode             | exact_deterministic_ggn_2b     |
| joint_linear_solve_dtype      | torch.float64                  |
| joint_optimizer_state_entries | 26                             |
| joint_predicted_step_kl       | 9.38e-08                       |
| joint_relative_solve_residual | 3.82e-14                       |
| joint_solve_residual          | 2.77e-12                       |
| joint_solver_mode             | symmetrized_jacobi_fullfp64... |
| joint_system_rows             | 1.02e+03                       |
| kl                            | 0.0797                         |
| loss_pi                       | 0.00482                        |
| loss_v                        | 0.0665                         |
| lr                            | 0.0001                         |
| misc/nupdates                 | 1.45e+03                       |
| misc/serial_timesteps         | 5.94e+06                       |
| misc/time_elapsed             | 2.21e+04                       |
| misc/total_timesteps          | 5.94e+06                       |
| optimizer_history_correction  | 1                              |
| optimizer_momentum            | 1e-06                          |
| optimizer_momentum_semantics  | paper_sgd_momentum_1e-6        |
| ratio_max                     | 10                             |
| ratio_min                     | 0.1                            |
| ret_avg                       | 0.478                          |
| ret_max                       | 0.9                            |
| ret_med                       | 0.547                          |
| ret_min                       | -2.8                           |
| ret_var                       | 0.133                          |
------------------------------------------------------------------
------------------------------------------------------------------
| action_max                    | 14                             |
| action_min                    | 5                              |
| adv_avg                       | -2.8                           |
| adv_max                       | -1.28                          |
| adv_med                       | -2.79                          |
| adv_min                       | -5.93                          |
| adv_var                       | 0.0608                         |
| clipfrac                      | 0                              |
| critic_ratio_max              | 1                              |
| critic_ratio_min              | 1                              |
| critic_rows                   | 512                            |
| curr_lr                       | 0.00015                        |
| entropy                       | 0.209                          |
| eplenmean                     | 72.8                           |
| eprewmean                     | 9.8                            |
| fps                           | 250                            |
| grad_norm                     | 0.516                          |
| joint_actor_fisher_quadratic  | 13.4                           |
| joint_actor_raw_scale         | 2.65e+04                       |
| joint_applied_solve_residual  | 3.74e-12                       |
| joint_cholesky_info_max       | 0                              |
| joint_clip_scale              | 0.97                           |
| joint_critic_curvature_coef   | 0.1                            |
| joint_critic_ggn_quadratic    | 27                             |
| joint_critic_objective_coef   | 1                              |
| joint_critic_raw_scale        | 4.67e+04                       |
| joint_cross_block_frobenius   | 1.72e+03                       |
| joint_direction_l2            | 0.516                          |
| joint_finite_scan_pass        | 1                              |
| joint_jacobi_scale_max        | 1.41                           |
| joint_jacobi_scale_min        | 0.0322                         |
| joint_kernel_mode             | exact_deterministic_ggn_2b     |
| joint_linear_solve_dtype      | torch.float64                  |
| joint_optimizer_state_entries | 26                             |
| joint_predicted_step_kl       | 1.42e-07                       |
| joint_relative_solve_residual | 3.86e-14                       |
| joint_solve_residual          | 2.99e-12                       |
| joint_solver_mode             | symmetrized_jacobi_fullfp64... |
| joint_system_rows             | 1.02e+03                       |
| kl                            | 0.0793                         |
| loss_pi                       | -0.0142                        |
| loss_v                        | 0.0655                         |
| lr                            | 0.0001                         |
| misc/nupdates                 | 1.46e+03                       |
| misc/serial_timesteps         | 5.98e+06                       |
| misc/time_elapsed             | 2.23e+04                       |
| misc/total_timesteps          | 5.98e+06                       |
| optimizer_history_correction  | 1                              |
| optimizer_momentum            | 1e-06                          |
| optimizer_momentum_semantics  | paper_sgd_momentum_1e-6        |
| ratio_max                     | 4.48                           |
| ratio_min                     | 0.1                            |
| ret_avg                       | 0.577                          |
| ret_max                       | 0.78                           |
| ret_med                       | 0.64                           |
| ret_min                       | -2.81                          |
| ret_var                       | 0.0894                         |
------------------------------------------------------------------
