| grad_norm                     | 0.451                          |
| joint_actor_fisher_quadratic  | 16.4                           |
| joint_actor_raw_scale         | 9.72e+03                       |
| joint_applied_solve_residual  | 1.23e-12                       |
| joint_cholesky_info_max       | 0                              |
| joint_clip_scale              | 1                              |
| joint_critic_curvature_coef   | 0.1                            |
| joint_critic_ggn_quadratic    | 2.28                           |
| joint_critic_objective_coef   | 1                              |
| joint_critic_raw_scale        | 3.45e+04                       |
| joint_cross_block_frobenius   | 666                            |
| joint_direction_l2            | 0.451                          |
| joint_finite_scan_pass        | 1                              |
| joint_jacobi_scale_max        | 1.41                           |
| joint_jacobi_scale_min        | 0.0247                         |
| joint_kernel_mode             | exact_deterministic_ggn_2b     |
| joint_linear_solve_dtype      | torch.float64                  |
| joint_optimizer_state_entries | 26                             |
| joint_predicted_step_kl       | 2.59e-05                       |
| joint_relative_solve_residual | 1.3e-14                        |
| joint_solve_residual          | 1.23e-12                       |
| joint_solver_mode             | symmetrized_jacobi_fullfp64... |
| joint_system_rows             | 1.02e+03                       |
| kl                            | 0.0119                         |
| loss_pi                       | -0.00956                       |
| loss_v                        | 0.0369                         |
| lr                            | 0.00178                        |
| misc/nupdates                 | 1.44e+03                       |
| misc/serial_timesteps         | 5.9e+06                        |
| misc/time_elapsed             | 2.19e+04                       |
| misc/total_timesteps          | 5.9e+06                        |
| optimizer_history_correction  | 1                              |
| optimizer_momentum            | 1e-06                          |
| optimizer_momentum_semantics  | paper_sgd_momentum_1e-6        |
| ratio_max                     | 4.4                            |
| ratio_min                     | 0.383                          |
| ret_avg                       | 0.451                          |
| ret_max                       | 0.701                          |
| ret_med                       | 0.518                          |
| ret_min                       | -2.73                          |
| ret_var                       | 0.0807                         |
------------------------------------------------------------------
------------------------------------------------------------------
| action_max                    | 14                             |
| action_min                    | 1                              |
| adv_avg                       | -2.73                          |
| adv_max                       | -2.3                           |
| adv_med                       | -2.73                          |
| adv_min                       | -5.28                          |
| adv_var                       | 0.0248                         |
| clipfrac                      | 0                              |
| critic_ratio_max              | 1                              |
| critic_ratio_min              | 1                              |
| critic_rows                   | 512                            |
| curr_lr                       | 0.00267                        |
| entropy                       | 0.389                          |
| eplenmean                     | 111                            |
| eprewmean                     | 9.8                            |
| fps                           | 250                            |
| grad_norm                     | 0.522                          |
| joint_actor_fisher_quadratic  | 3.13                           |
| joint_actor_raw_scale         | 7.34e+03                       |
| joint_applied_solve_residual  | 1.08e-12                       |
| joint_cholesky_info_max       | 0                              |
| joint_clip_scale              | 0.958                          |
| joint_critic_curvature_coef   | 0.1                            |
| joint_critic_ggn_quadratic    | 0.599                          |
| joint_critic_objective_coef   | 1                              |
| joint_critic_raw_scale        | 2.29e+04                       |
| joint_cross_block_frobenius   | 398                            |
| joint_direction_l2            | 0.522                          |
| joint_finite_scan_pass        | 1                              |
| joint_jacobi_scale_max        | 1.41                           |
| joint_jacobi_scale_min        | 0.0524                         |
| joint_kernel_mode             | exact_deterministic_ggn_2b     |
| joint_linear_solve_dtype      | torch.float64                  |
| joint_optimizer_state_entries | 26                             |
| joint_predicted_step_kl       | 1.02e-05                       |
| joint_relative_solve_residual | 2.36e-14                       |
| joint_solve_residual          | 9.17e-13                       |
| joint_solver_mode             | symmetrized_jacobi_fullfp64... |
| joint_system_rows             | 1.02e+03                       |
| kl                            | 0.00782                        |
| loss_pi                       | 0.0011                         |
| loss_v                        | 0.0219                         |
| lr                            | 0.00267                        |
| misc/nupdates                 | 1.45e+03                       |
| misc/serial_timesteps         | 5.94e+06                       |
| misc/time_elapsed             | 2.21e+04                       |
| misc/total_timesteps          | 5.94e+06                       |
| optimizer_history_correction  | 1                              |
| optimizer_momentum            | 1e-06                          |
| optimizer_momentum_semantics  | paper_sgd_momentum_1e-6        |
| ratio_max                     | 1.89                           |
| ratio_min                     | 0.534                          |
| ret_avg                       | 0.299                          |
| ret_max                       | 0.682                          |
| ret_med                       | 0.474                          |
| ret_min                       | -2.74                          |
| ret_var                       | 0.161                          |
------------------------------------------------------------------
------------------------------------------------------------------
| action_max                    | 14                             |
| action_min                    | 1                              |
| adv_avg                       | -2.76                          |
| adv_max                       | -2.25                          |
| adv_med                       | -2.72                          |
| adv_min                       | -6.19                          |
| adv_var                       | 0.0925                         |
| clipfrac                      | 0                              |
| critic_ratio_max              | 1                              |
| critic_ratio_min              | 1                              |
| critic_rows                   | 512                            |
| curr_lr                       | 0.004                          |
| entropy                       | 0.198                          |
| eplenmean                     | 74.4                           |
| eprewmean                     | 9.5                            |
| fps                           | 249                            |
| grad_norm                     | 0.535                          |
| joint_actor_fisher_quadratic  | 6.86                           |
| joint_actor_raw_scale         | 1.29e+04                       |
| joint_applied_solve_residual  | 1.49e-12                       |
| joint_cholesky_info_max       | 0                              |
| joint_clip_scale              | 0.934                          |
| joint_critic_curvature_coef   | 0.1                            |
| joint_critic_ggn_quadratic    | 1.73                           |
| joint_critic_objective_coef   | 1                              |
| joint_critic_raw_scale        | 2.84e+04                       |
| joint_cross_block_frobenius   | 975                            |
| joint_direction_l2            | 0.535                          |
| joint_finite_scan_pass        | 1                              |
| joint_jacobi_scale_max        | 1.41                           |
| joint_jacobi_scale_min        | 0.0436                         |
| joint_kernel_mode             | exact_deterministic_ggn_2b     |
| joint_linear_solve_dtype      | torch.float64                  |
| joint_optimizer_state_entries | 26                             |
| joint_predicted_step_kl       | 4.79e-05                       |
| joint_relative_solve_residual | 2.29e-14                       |
| joint_solve_residual          | 1.28e-12                       |
| joint_solver_mode             | symmetrized_jacobi_fullfp64... |
| joint_system_rows             | 1.02e+03                       |
| kl                            | 0.04                           |
| loss_pi                       | -0.0096                        |
| loss_v                        | 0.0509                         |
| lr                            | 0.004                          |
| misc/nupdates                 | 1.46e+03                       |
| misc/serial_timesteps         | 5.98e+06                       |
| misc/time_elapsed             | 2.22e+04                       |
| misc/total_timesteps          | 5.98e+06                       |
| optimizer_history_correction  | 1                              |
| optimizer_momentum            | 1e-06                          |
| optimizer_momentum_semantics  | paper_sgd_momentum_1e-6        |
| ratio_max                     | 2.66                           |
| ratio_min                     | 0.159                          |
| ret_avg                       | 0.381                          |
| ret_max                       | 0.7                            |
| ret_med                       | 0.46                           |
| ret_min                       | -2.75                          |
| ret_var                       | 0.147                          |
------------------------------------------------------------------
