| joint_relative_solve_residual | 3.02e-14                       |
| joint_solve_residual          | 9.8e-13                        |
| joint_solver_mode             | symmetrized_jacobi_fullfp64... |
| joint_system_rows             | 1.02e+03                       |
| kl                            | 0.0255                         |
| loss_pi                       | -0.0211                        |
| loss_v                        | 0.000654                       |
| lr                            | 0.009                          |
| misc/nupdates                 | 529                            |
| misc/serial_timesteps         | 2.17e+06                       |
| misc/time_elapsed             | 7.34e+03                       |
| misc/total_timesteps          | 2.17e+06                       |
| optimizer_history_correction  | 1                              |
| optimizer_momentum            | 1e-06                          |
| optimizer_momentum_semantics  | paper_sgd_momentum_1e-6        |
| ratio_max                     | 2.07                           |
| ratio_min                     | 0.212                          |
| ret_avg                       | -0.441                         |
| ret_max                       | -0.255                         |
| ret_med                       | -0.435                         |
| ret_min                       | -0.561                         |
| ret_var                       | 0.00113                        |
------------------------------------------------------------------
------------------------------------------------------------------
| action_max                    | 14                             |
| action_min                    | 0                              |
| adv_avg                       | -0.546                         |
| adv_max                       | 0.795                          |
| adv_med                       | -0.562                         |
| adv_min                       | -1.48                          |
| adv_var                       | 0.0242                         |
| clipfrac                      | 0                              |
| critic_ratio_max              | 1                              |
| critic_ratio_min              | 1                              |
| critic_rows                   | 512                            |
| curr_lr                       | 0.006                          |
| entropy                       | 1.19                           |
| eplenmean                     | 514                            |
| eprewmean                     | 1.8                            |
| fps                           | 237                            |
| grad_norm                     | 0.449                          |
| joint_actor_fisher_quadratic  | 0.543                          |
| joint_actor_raw_scale         | 2.68e+03                       |
| joint_applied_solve_residual  | 6.25e-13                       |
| joint_cholesky_info_max       | 0                              |
| joint_clip_scale              | 1                              |
| joint_critic_curvature_coef   | 0.1                            |
| joint_critic_ggn_quadratic    | 0.661                          |
| joint_critic_objective_coef   | 1                              |
| joint_critic_raw_scale        | 1.22e+03                       |
| joint_cross_block_frobenius   | 739                            |
| joint_direction_l2            | 0.449                          |
| joint_finite_scan_pass        | 1                              |
| joint_jacobi_scale_max        | 1.41                           |
| joint_jacobi_scale_min        | 0.118                          |
| joint_kernel_mode             | exact_deterministic_ggn_2b     |
| joint_linear_solve_dtype      | torch.float64                  |
| joint_optimizer_state_entries | 26                             |
| joint_predicted_step_kl       | 9.77e-06                       |
| joint_relative_solve_residual | 2.02e-14                       |
| joint_solve_residual          | 6.23e-13                       |
| joint_solver_mode             | symmetrized_jacobi_fullfp64... |
| joint_system_rows             | 1.02e+03                       |
| kl                            | 0.00756                        |
| loss_pi                       | -0.017                         |
| loss_v                        | 0.0174                         |
| lr                            | 0.006                          |
| misc/nupdates                 | 539                            |
| misc/serial_timesteps         | 2.21e+06                       |
| misc/time_elapsed             | 7.52e+03                       |
| misc/total_timesteps          | 2.21e+06                       |
| optimizer_history_correction  | 1                              |
| optimizer_momentum            | 1e-06                          |
| optimizer_momentum_semantics  | paper_sgd_momentum_1e-6        |
| ratio_max                     | 1.56                           |
| ratio_min                     | 0.41                           |
| ret_avg                       | -0.137                         |
| ret_max                       | 5.09                           |
| ret_med                       | -0.414                         |
| ret_min                       | -0.655                         |
| ret_var                       | 0.737                          |
------------------------------------------------------------------
------------------------------------------------------------------
| action_max                    | 14                             |
| action_min                    | 0                              |
| adv_avg                       | -0.538                         |
| adv_max                       | 0.857                          |
| adv_med                       | -0.559                         |
| adv_min                       | -1.31                          |
| adv_var                       | 0.025                          |
| clipfrac                      | 0                              |
| critic_ratio_max              | 1                              |
| critic_ratio_min              | 1                              |
| critic_rows                   | 512                            |
| curr_lr                       | 0.009                          |
| entropy                       | 1.54                           |
| eplenmean                     | 571                            |
| eprewmean                     | 2.6                            |
| fps                           | 238                            |
| grad_norm                     | 0.414                          |
| joint_actor_fisher_quadratic  | 1.39                           |
| joint_actor_raw_scale         | 3.95e+03                       |
| joint_applied_solve_residual  | 1.68e-12                       |
| joint_cholesky_info_max       | 0                              |
| joint_clip_scale              | 1                              |
| joint_critic_curvature_coef   | 0.1                            |
| joint_critic_ggn_quadratic    | 0.0956                         |
| joint_critic_objective_coef   | 1                              |
| joint_critic_raw_scale        | 1.7e+03                        |
| joint_cross_block_frobenius   | 1.12e+03                       |
| joint_direction_l2            | 0.414                          |
| joint_finite_scan_pass        | 1                              |
| joint_jacobi_scale_max        | 1.41                           |
| joint_jacobi_scale_min        | 0.102                          |
| joint_kernel_mode             | exact_deterministic_ggn_2b     |
| joint_linear_solve_dtype      | torch.float64                  |
| joint_optimizer_state_entries | 26                             |
| joint_predicted_step_kl       | 5.64e-05                       |
| joint_relative_solve_residual | 5.05e-14                       |
| joint_solve_residual          | 1.71e-12                       |
| joint_solver_mode             | symmetrized_jacobi_fullfp64... |
| joint_system_rows             | 1.02e+03                       |
| kl                            | 0.0334                         |
| loss_pi                       | -0.0451                        |
| loss_v                        | 0.0133                         |
| lr                            | 0.009                          |
| misc/nupdates                 | 549                            |
| misc/serial_timesteps         | 2.25e+06                       |
| misc/time_elapsed             | 7.69e+03                       |
| misc/total_timesteps          | 2.25e+06                       |
| optimizer_history_correction  | 1                              |
| optimizer_momentum            | 1e-06                          |
| optimizer_momentum_semantics  | paper_sgd_momentum_1e-6        |
| ratio_max                     | 2.69                           |
| ratio_min                     | 0.316                          |
| ret_avg                       | -0.00762                       |
| ret_max                       | 5.05                           |
| ret_med                       | -0.431                         |
| ret_min                       | -0.559                         |
| ret_var                       | 1.71                           |
------------------------------------------------------------------
------------------------------------------------------------------
| action_max                    | 14                             |
| action_min                    | 0                              |
| adv_avg                       | -0.527                         |
| adv_max                       | 2.21                           |
| adv_med                       | -0.554                         |
| adv_min                       | -2.12                          |
| adv_var                       | 0.0476                         |
| clipfrac                      | 0                              |
| critic_ratio_max              | 1                              |
| critic_ratio_min              | 1                              |
| critic_rows                   | 512                            |
| curr_lr                       | 0.009                          |
| entropy                       | 1.15                           |
| eplenmean                     | 587                            |
| eprewmean                     | 2.9                            |
| fps                           | 234                            |
| grad_norm                     | 0.712                          |
| joint_actor_fisher_quadratic  | 1.89                           |
| joint_actor_raw_scale         | 3.93e+03                       |
| joint_applied_solve_residual  | 2.34e-12                       |
| joint_cholesky_info_max       | 0                              |
| joint_clip_scale              | 0.703                          |
| joint_critic_curvature_coef   | 0.1                            |
| joint_critic_ggn_quadratic    | 0.522                          |
| joint_critic_objective_coef   | 1                              |
| joint_critic_raw_scale        | 2.01e+03                       |
| joint_cross_block_frobenius   | 1.07e+03                       |
| joint_direction_l2            | 0.712                          |
| joint_finite_scan_pass        | 1                              |
| joint_jacobi_scale_max        | 1.41                           |
| joint_jacobi_scale_min        | 0.0823                         |
| joint_kernel_mode             | exact_deterministic_ggn_2b     |
| joint_linear_solve_dtype      | torch.float64                  |
| joint_optimizer_state_entries | 26                             |
| joint_predicted_step_kl       | 3.79e-05                       |
| joint_relative_solve_residual | 5.85e-14                       |
| joint_solve_residual          | 2.06e-12                       |
| joint_solver_mode             | symmetrized_jacobi_fullfp64... |
| joint_system_rows             | 1.02e+03                       |
| kl                            | 0.0137                         |
| loss_pi                       | -0.0265                        |
| loss_v                        | 0.0264                         |
| lr                            | 0.009                          |
| misc/nupdates                 | 559                            |
| misc/serial_timesteps         | 2.29e+06                       |
| misc/time_elapsed             | 7.87e+03                       |
| misc/total_timesteps          | 2.29e+06                       |
| optimizer_history_correction  | 1                              |
| optimizer_momentum            | 1e-06                          |
| optimizer_momentum_semantics  | paper_sgd_momentum_1e-6        |
| ratio_max                     | 1.89                           |
| ratio_min                     | 0.199                          |
| ret_avg                       | 0.203                          |
| ret_max                       | 5.08                           |
| ret_med                       | -0.438                         |
| ret_min                       | -0.614                         |
| ret_var                       | 2.48                           |
------------------------------------------------------------------
