| joint_relative_solve_residual | 9.42e-14                       |
| joint_solve_residual          | 1.45e-11                       |
| joint_solver_mode             | symmetrized_jacobi_fullfp64... |
| joint_system_rows             | 1.02e+03                       |
| kl                            | 0.125                          |
| loss_pi                       | -0.0648                        |
| loss_v                        | 0.0556                         |
| lr                            | 0.0001                         |
| misc/nupdates                 | 1.43e+03                       |
| misc/serial_timesteps         | 5.86e+06                       |
| misc/time_elapsed             | 2.22e+04                       |
| misc/total_timesteps          | 5.86e+06                       |
| optimizer_history_correction  | 1                              |
| optimizer_momentum            | 1e-06                          |
| optimizer_momentum_semantics  | paper_sgd_momentum_1e-6        |
| ratio_max                     | 3.91                           |
| ratio_min                     | 0.1                            |
| ret_avg                       | 0.0848                         |
| ret_max                       | 3.39                           |
| ret_med                       | -0.441                         |
| ret_min                       | -0.951                         |
| ret_var                       | 1.48                           |
------------------------------------------------------------------
------------------------------------------------------------------
| action_max                    | 14                             |
| action_min                    | 0                              |
| adv_avg                       | -0.835                         |
| adv_max                       | 1.42                           |
| adv_med                       | -0.843                         |
| adv_min                       | -1.63                          |
| adv_var                       | 0.0302                         |
| clipfrac                      | 0                              |
| critic_ratio_max              | 1                              |
| critic_ratio_min              | 1                              |
| critic_rows                   | 512                            |
| curr_lr                       | 0.0001                         |
| entropy                       | 0.672                          |
| eplenmean                     | 144                            |
| eprewmean                     | 2.45                           |
| fps                           | 245                            |
| grad_norm                     | 0.467                          |
| joint_actor_fisher_quadratic  | 12.8                           |
| joint_actor_raw_scale         | 1.1e+05                        |
| joint_applied_solve_residual  | 1.15e-11                       |
| joint_cholesky_info_max       | 0                              |
| joint_clip_scale              | 1                              |
| joint_critic_curvature_coef   | 0.1                            |
| joint_critic_ggn_quadratic    | 0.828                          |
| joint_critic_objective_coef   | 1                              |
| joint_critic_raw_scale        | 1.48e+04                       |
| joint_cross_block_frobenius   | 1.96e+04                       |
| joint_direction_l2            | 0.467                          |
| joint_finite_scan_pass        | 1                              |
| joint_jacobi_scale_max        | 1.41                           |
| joint_jacobi_scale_min        | 0.0106                         |
| joint_kernel_mode             | exact_deterministic_ggn_2b     |
| joint_linear_solve_dtype      | torch.float64                  |
| joint_optimizer_state_entries | 26                             |
| joint_predicted_step_kl       | 6.4e-08                        |
| joint_relative_solve_residual | 1.36e-13                       |
| joint_solve_residual          | 1.14e-11                       |
| joint_solver_mode             | symmetrized_jacobi_fullfp64... |
| joint_system_rows             | 1.02e+03                       |
| kl                            | 0.073                          |
| loss_pi                       | 0.00641                        |
| loss_v                        | 0.0349                         |
| lr                            | 0.0001                         |
| misc/nupdates                 | 1.44e+03                       |
| misc/serial_timesteps         | 5.9e+06                        |
| misc/time_elapsed             | 2.24e+04                       |
| misc/total_timesteps          | 5.9e+06                        |
| optimizer_history_correction  | 1                              |
| optimizer_momentum            | 1e-06                          |
| optimizer_momentum_semantics  | paper_sgd_momentum_1e-6        |
| ratio_max                     | 3.74                           |
| ratio_min                     | 0.126                          |
| ret_avg                       | 0.396                          |
| ret_max                       | 3.38                           |
| ret_med                       | -0.19                          |
| ret_min                       | -0.894                         |
| ret_var                       | 1.74                           |
------------------------------------------------------------------
------------------------------------------------------------------
| action_max                    | 14                             |
| action_min                    | 0                              |
| adv_avg                       | -0.783                         |
| adv_max                       | 2.58                           |
| adv_med                       | -0.809                         |
| adv_min                       | -2.79                          |
| adv_var                       | 0.0946                         |
| clipfrac                      | 0                              |
| critic_ratio_max              | 1                              |
| critic_ratio_min              | 1                              |
| critic_rows                   | 512                            |
| curr_lr                       | 0.00015                        |
| entropy                       | 0.682                          |
| eplenmean                     | 135                            |
| eprewmean                     | 2.7                            |
| fps                           | 244                            |
| grad_norm                     | 0.523                          |
| joint_actor_fisher_quadratic  | 4.54                           |
| joint_actor_raw_scale         | 1.53e+05                       |
| joint_applied_solve_residual  | 3.07e-11                       |
| joint_cholesky_info_max       | 0                              |
| joint_clip_scale              | 0.956                          |
| joint_critic_curvature_coef   | 0.1                            |
| joint_critic_ggn_quadratic    | 16.3                           |
| joint_critic_objective_coef   | 1                              |
| joint_critic_raw_scale        | 1.83e+04                       |
| joint_cross_block_frobenius   | 3.18e+04                       |
| joint_direction_l2            | 0.523                          |
| joint_finite_scan_pass        | 1                              |
| joint_jacobi_scale_max        | 1.41                           |
| joint_jacobi_scale_min        | 0.00904                        |
| joint_kernel_mode             | exact_deterministic_ggn_2b     |
| joint_linear_solve_dtype      | torch.float64                  |
| joint_optimizer_state_entries | 26                             |
| joint_predicted_step_kl       | 4.67e-08                       |
| joint_relative_solve_residual | 4.82e-13                       |
| joint_solve_residual          | 2.81e-11                       |
| joint_solver_mode             | symmetrized_jacobi_fullfp64... |
| joint_system_rows             | 1.02e+03                       |
| kl                            | 0.0685                         |
| loss_pi                       | -0.056                         |
| loss_v                        | 0.0981                         |
| lr                            | 0.0001                         |
| misc/nupdates                 | 1.45e+03                       |
| misc/serial_timesteps         | 5.94e+06                       |
| misc/time_elapsed             | 2.26e+04                       |
| misc/total_timesteps          | 5.94e+06                       |
| optimizer_history_correction  | 1                              |
| optimizer_momentum            | 1e-06                          |
| optimizer_momentum_semantics  | paper_sgd_momentum_1e-6        |
| ratio_max                     | 4.01                           |
| ratio_min                     | 0.1                            |
| ret_avg                       | 0.238                          |
| ret_max                       | 3.38                           |
| ret_med                       | -0.0653                        |
| ret_min                       | -1.05                          |
| ret_var                       | 1.3                            |
------------------------------------------------------------------
------------------------------------------------------------------
| action_max                    | 14                             |
| action_min                    | 0                              |
| adv_avg                       | -0.873                         |
| adv_max                       | 1.69                           |
| adv_med                       | -0.848                         |
| adv_min                       | -2.57                          |
| adv_var                       | 0.0997                         |
| clipfrac                      | 0                              |
| critic_ratio_max              | 1                              |
| critic_ratio_min              | 1                              |
| critic_rows                   | 512                            |
| curr_lr                       | 0.00015                        |
| entropy                       | 0.611                          |
| eplenmean                     | 146                            |
| eprewmean                     | 2.9                            |
| fps                           | 245                            |
| grad_norm                     | 0.58                           |
| joint_actor_fisher_quadratic  | 19.3                           |
| joint_actor_raw_scale         | 9.72e+04                       |
| joint_applied_solve_residual  | 1.3e-11                        |
| joint_cholesky_info_max       | 0                              |
| joint_clip_scale              | 0.862                          |
| joint_critic_curvature_coef   | 0.1                            |
| joint_critic_ggn_quadratic    | 0.791                          |
| joint_critic_objective_coef   | 1                              |
| joint_critic_raw_scale        | 1.53e+04                       |
| joint_cross_block_frobenius   | 1.27e+04                       |
| joint_direction_l2            | 0.58                           |
| joint_finite_scan_pass        | 1                              |
| joint_jacobi_scale_max        | 1.41                           |
| joint_jacobi_scale_min        | 0.0164                         |
| joint_kernel_mode             | exact_deterministic_ggn_2b     |
| joint_linear_solve_dtype      | torch.float64                  |
| joint_optimizer_state_entries | 26                             |
| joint_predicted_step_kl       | 1.62e-07                       |
| joint_relative_solve_residual | 1.25e-13                       |
| joint_solve_residual          | 1.03e-11                       |
| joint_solver_mode             | symmetrized_jacobi_fullfp64... |
| joint_system_rows             | 1.02e+03                       |
| kl                            | 0.114                          |
| loss_pi                       | -0.0774                        |
| loss_v                        | 0.103                          |
| lr                            | 0.0001                         |
| misc/nupdates                 | 1.46e+03                       |
| misc/serial_timesteps         | 5.98e+06                       |
| misc/time_elapsed             | 2.27e+04                       |
| misc/total_timesteps          | 5.98e+06                       |
| optimizer_history_correction  | 1                              |
| optimizer_momentum            | 1e-06                          |
| optimizer_momentum_semantics  | paper_sgd_momentum_1e-6        |
| ratio_max                     | 3.12                           |
| ratio_min                     | 0.1                            |
| ret_avg                       | 0.678                          |
| ret_max                       | 3.37                           |
| ret_med                       | 0.793                          |
| ret_min                       | -0.882                         |
| ret_var                       | 0.851                          |
------------------------------------------------------------------
